-- Logs begin at Sun 2025-03-09 21:19:44 PST, end at Mon 2025-03-10 13:27:46 PST. --
Mar 09 22:41:52 LAPTOP-9LT9PO3M php8.2-mysql[11909]: [0;38;5;245m[0;1;31m[0;38;5;245mphp_invoke mysqli: already enabled for PHP 8.2 cli sapi[0m
Mar 09 22:41:52 LAPTOP-9LT9PO3M php8.2-mysql[11941]: [0;38;5;245m[0;1;31m[0;38;5;245mphp_invoke mysqli: already enabled for PHP 8.2 fpm sapi[0m
Mar 09 22:41:53 LAPTOP-9LT9PO3M php8.2-mysql[11973]: [0;38;5;245m[0;1;31m[0;38;5;245mphp_invoke mysqli: already enabled for PHP 8.2 apache2 sapi[0m
Mar 09 22:41:53 LAPTOP-9LT9PO3M php8.2-mysql[12197]: [0;38;5;245m[0;1;31m[0;38;5;245mphp_invoke pdo_mysql: already enabled for PHP 8.2 cli sapi[0m
Mar 09 22:41:53 LAPTOP-9LT9PO3M php8.2-mysql[12229]: [0;38;5;245m[0;1;31m[0;38;5;245mphp_invoke pdo_mysql: already enabled for PHP 8.2 fpm sapi[0m
Mar 09 22:41:53 LAPTOP-9LT9PO3M php8.2-mysql[12261]: [0;38;5;245m[0;1;31m[0;38;5;245mphp_invoke pdo_mysql: already enabled for PHP 8.2 apache2 sapi[0m
Mar 09 22:41:54 LAPTOP-9LT9PO3M php8.2-fpm[12413]: [0;38;5;245m[0;1;31m[0;38;5;245mphp_invoke: Enabled module readline for fpm sapi[0m
Mar 09 22:41:54 LAPTOP-9LT9PO3M php8.2-fpm[12454]: [0;38;5;245m[0;1;31m[0;38;5;245mphp_invoke: Enabled module opcache for fpm sapi[0m
Mar 09 22:41:54 LAPTOP-9LT9PO3M php8.2-fpm[12495]: [0;38;5;245m[0;1;31m[0;38;5;245mphp_invoke: Enabled module ctype for fpm sapi[0m
Mar 09 22:41:54 LAPTOP-9LT9PO3M php8.2-fpm[12528]: [0;38;5;245m[0;1;31m[0;38;5;245mphp_invoke mysqli: already enabled for PHP 8.2 fpm sapi[0m
Mar 09 22:41:54 LAPTOP-9LT9PO3M php8.2-fpm[12569]: [0;38;5;245m[0;1;31m[0;38;5;245mphp_invoke: Enabled module fileinfo for fpm sapi[0m
Mar 09 22:41:54 LAPTOP-9LT9PO3M php8.2-fpm[12610]: [0;38;5;245m[0;1;31m[0;38;5;245mphp_invoke: Enabled module ffi for fpm sapi[0m
Mar 09 22:41:54 LAPTOP-9LT9PO3M php8.2-fpm[12651]: [0;38;5;245m[0;1;31m[0;38;5;245mphp_invoke: Enabled module sysvshm for fpm sapi[0m
Mar 09 22:41:54 LAPTOP-9LT9PO3M php8.2-fpm[12692]: [0;38;5;245m[0;1;31m[0;38;5;245mphp_invoke: Enabled module exif for fpm sapi[0m
Mar 09 22:41:55 LAPTOP-9LT9PO3M php8.2-fpm[12733]: [0;38;5;245m[0;1;31m[0;38;5;245mphp_invoke: Enabled module tokenizer for fpm sapi[0m
Mar 09 22:41:55 LAPTOP-9LT9PO3M php8.2-fpm[12774]: [0;38;5;245m[0;1;31m[0;38;5;245mphp_invoke: Enabled module sysvmsg for fpm sapi[0m
Mar 09 22:41:55 LAPTOP-9LT9PO3M php8.2-fpm[12815]: [0;38;5;245m[0;1;31m[0;38;5;245mphp_invoke: Enabled module sockets for fpm sapi[0m
Mar 09 22:41:55 LAPTOP-9LT9PO3M php8.2-fpm[12856]: [0;38;5;245m[0;1;31m[0;38;5;245mphp_invoke: Enabled module gettext for fpm sapi[0m
Mar 09 22:41:55 LAPTOP-9LT9PO3M php8.2-fpm[12897]: [0;38;5;245m[0;1;31m[0;38;5;245mphp_invoke: Enabled module sysvsem for fpm sapi[0m
Mar 09 22:41:55 LAPTOP-9LT9PO3M php8.2-fpm[12938]: [0;38;5;245m[0;1;31m[0;38;5;245mphp_invoke: Enabled module calendar for fpm sapi[0m
Mar 09 22:41:55 LAPTOP-9LT9PO3M php8.2-fpm[12979]: [0;38;5;245m[0;1;31m[0;38;5;245mphp_invoke: Enabled module shmop for fpm sapi[0m
Mar 09 22:41:55 LAPTOP-9LT9PO3M php8.2-fpm[13020]: [0;38;5;245m[0;1;31m[0;38;5;245mphp_invoke: Enabled module posix for fpm sapi[0m
Mar 09 22:41:55 LAPTOP-9LT9PO3M php8.2-fpm[13061]: [0;38;5;245m[0;1;31m[0;38;5;245mphp_invoke: Enabled module phar for fpm sapi[0m
Mar 09 22:41:55 LAPTOP-9LT9PO3M php8.2-fpm[13102]: [0;38;5;245m[0;1;31m[0;38;5;245mphp_invoke: Enabled module pdo for fpm sapi[0m
Mar 09 22:41:55 LAPTOP-9LT9PO3M php8.2-fpm[13135]: [0;38;5;245m[0;1;31m[0;38;5;245mphp_invoke mysqlnd: already enabled for PHP 8.2 fpm sapi[0m
Mar 09 22:41:55 LAPTOP-9LT9PO3M php8.2-fpm[13176]: [0;38;5;245m[0;1;31m[0;38;5;245mphp_invoke: Enabled module ftp for fpm sapi[0m
Mar 09 22:41:55 LAPTOP-9LT9PO3M php8.2-fpm[13209]: [0;38;5;245m[0;1;31m[0;38;5;245mphp_invoke pdo_mysql: already enabled for PHP 8.2 fpm sapi[0m
Mar 09 22:41:55 LAPTOP-9LT9PO3M php8.2-fpm[13250]: [0;38;5;245m[0;1;31m[0;38;5;245mphp_invoke: Enabled module iconv for fpm sapi[0m
Mar 09 22:41:55 LAPTOP-9LT9PO3M php8.2-fpm[13252]: [0;1;39m[0;1;31m[0;1;39mNOTICE: Not enabling PHP 8.2 FPM by default.[0m
Mar 09 22:41:55 LAPTOP-9LT9PO3M php8.2-fpm[13253]: [0;1;39m[0;1;31m[0;1;39mNOTICE: To enable PHP 8.2 FPM in Apache2 do:[0m
Mar 09 22:41:55 LAPTOP-9LT9PO3M php8.2-fpm[13254]: [0;1;39m[0;1;31m[0;1;39mNOTICE: a2enmod proxy_fcgi setenvif[0m
Mar 09 22:41:55 LAPTOP-9LT9PO3M php8.2-fpm[13255]: [0;1;39m[0;1;31m[0;1;39mNOTICE: a2enconf php8.2-fpm[0m
Mar 09 22:41:55 LAPTOP-9LT9PO3M php8.2-fpm[13256]: [0;1;39m[0;1;31m[0;1;39mNOTICE: You are seeing this message because you have apache2 package installed.[0m
Mar 09 22:41:56 LAPTOP-9LT9PO3M systemd[1]: Reloading.
Mar 09 22:41:56 LAPTOP-9LT9PO3M systemd[1]: [0;1;38;5;185m[0;1;39m[0;1;38;5;185m/etc/systemd/system/systemd-sysusers.service.d/00-wsl.conf:3: Unknown key name 'LoadCredential' in section 'Service', ignoring.[0m
Mar 09 22:41:56 LAPTOP-9LT9PO3M systemd[1]: [0;1;38;5;185m[0;1;39m[0;1;38;5;185mConfiguration file /run/systemd/system/netplan-ovs-cleanup.service is marked world-inaccessible. This has no effect as configuration data is accessible via APIs without restrictions. Proceeding anyway.[0m
Mar 09 22:41:56 LAPTOP-9LT9PO3M systemd[1]: [0;1;38;5;185m[0;1;39m[0;1;38;5;185m/lib/systemd/system/snapd.service:23: Unknown key name 'RestartMode' in section 'Service', ignoring.[0m
Mar 09 22:41:56 LAPTOP-9LT9PO3M systemd[1]: Reloading.
Mar 09 22:41:56 LAPTOP-9LT9PO3M systemd[1]: [0;1;38;5;185m[0;1;39m[0;1;38;5;185m/etc/systemd/system/systemd-sysusers.service.d/00-wsl.conf:3: Unknown key name 'LoadCredential' in section 'Service', ignoring.[0m
Mar 09 22:41:56 LAPTOP-9LT9PO3M systemd[1]: [0;1;38;5;185m[0;1;39m[0;1;38;5;185mConfiguration file /run/systemd/system/netplan-ovs-cleanup.service is marked world-inaccessible. This has no effect as configuration data is accessible via APIs without restrictions. Proceeding anyway.[0m
Mar 09 22:41:56 LAPTOP-9LT9PO3M systemd[1]: [0;1;38;5;185m[0;1;39m[0;1;38;5;185m/lib/systemd/system/snapd.service:23: Unknown key name 'RestartMode' in section 'Service', ignoring.[0m
Mar 09 22:41:57 LAPTOP-9LT9PO3M systemd[1]: Reloading.
Mar 09 22:41:57 LAPTOP-9LT9PO3M systemd[1]: [0;1;38;5;185m[0;1;39m[0;1;38;5;185m/etc/systemd/system/systemd-sysusers.service.d/00-wsl.conf:3: Unknown key name 'LoadCredential' in section 'Service', ignoring.[0m
Mar 09 22:41:57 LAPTOP-9LT9PO3M systemd[1]: [0;1;38;5;185m[0;1;39m[0;1;38;5;185mConfiguration file /run/systemd/system/netplan-ovs-cleanup.service is marked world-inaccessible. This has no effect as configuration data is accessible via APIs without restrictions. Proceeding anyway.[0m
Mar 09 22:41:57 LAPTOP-9LT9PO3M systemd[1]: [0;1;38;5;185m[0;1;39m[0;1;38;5;185m/lib/systemd/system/snapd.service:23: Unknown key name 'RestartMode' in section 'Service', ignoring.[0m
Mar 09 22:41:57 LAPTOP-9LT9PO3M systemd[1]: Starting The PHP 8.2 FastCGI Process Manager...
-- Subject: A start job for unit php8.2-fpm.service has begun execution
-- Defined-By: systemd
-- Support: http://www.ubuntu.com/support
-- 
-- A start job for unit php8.2-fpm.service has begun execution.
-- 
-- The job identifier is 1397.
Mar 09 22:41:57 LAPTOP-9LT9PO3M systemd[1]: Started The PHP 8.2 FastCGI Process Manager.
-- Subject: A start job for unit php8.2-fpm.service has finished successfully
-- Defined-By: systemd
-- Support: http://www.ubuntu.com/support
-- 
-- A start job for unit php8.2-fpm.service has finished successfully.
-- 
-- The job identifier is 1397.
Mar 09 22:41:57 LAPTOP-9LT9PO3M systemd[1]: Reloading.
Mar 09 22:41:57 LAPTOP-9LT9PO3M systemd[1]: [0;1;38;5;185m[0;1;39m[0;1;38;5;185m/etc/systemd/system/systemd-sysusers.service.d/00-wsl.conf:3: Unknown key name 'LoadCredential' in section 'Service', ignoring.[0m
Mar 09 22:41:57 LAPTOP-9LT9PO3M systemd[1]: [0;1;38;5;185m[0;1;39m[0;1;38;5;185mConfiguration file /run/systemd/system/netplan-ovs-cleanup.service is marked world-inaccessible. This has no effect as configuration data is accessible via APIs without restrictions. Proceeding anyway.[0m
Mar 09 22:41:57 LAPTOP-9LT9PO3M systemd[1]: [0;1;38;5;185m[0;1;39m[0;1;38;5;185m/lib/systemd/system/snapd.service:23: Unknown key name 'RestartMode' in section 'Service', ignoring.[0m
Mar 09 22:41:58 LAPTOP-9LT9PO3M systemd[1]: Reloading.
Mar 09 22:41:58 LAPTOP-9LT9PO3M systemd[1]: [0;1;38;5;185m[0;1;39m[0;1;38;5;185m/etc/systemd/system/systemd-sysusers.service.d/00-wsl.conf:3: Unknown key name 'LoadCredential' in section 'Service', ignoring.[0m
Mar 09 22:41:58 LAPTOP-9LT9PO3M systemd[1]: [0;1;38;5;185m[0;1;39m[0;1;38;5;185mConfiguration file /run/systemd/system/netplan-ovs-cleanup.service is marked world-inaccessible. This has no effect as configuration data is accessible via APIs without restrictions. Proceeding anyway.[0m
Mar 09 22:41:58 LAPTOP-9LT9PO3M systemd[1]: [0;1;38;5;185m[0;1;39m[0;1;38;5;185m/lib/systemd/system/snapd.service:23: Unknown key name 'RestartMode' in section 'Service', ignoring.[0m
Mar 09 22:41:58 LAPTOP-9LT9PO3M systemd[1]: Stopping The PHP 8.2 FastCGI Process Manager...
-- Subject: A stop job for unit php8.2-fpm.service has begun execution
-- Defined-By: systemd
-- Support: http://www.ubuntu.com/support
-- 
-- A stop job for unit php8.2-fpm.service has begun execution.
-- 
-- The job identifier is 1469.
Mar 09 22:41:58 LAPTOP-9LT9PO3M systemd[1]: php8.2-fpm.service: Succeeded.
-- Subject: Unit succeeded
-- Defined-By: systemd
-- Support: http://www.ubuntu.com/support
-- 
-- The unit php8.2-fpm.service has successfully entered the 'dead' state.
Mar 09 22:41:58 LAPTOP-9LT9PO3M systemd[1]: Stopped The PHP 8.2 FastCGI Process Manager.
-- Subject: A stop job for unit php8.2-fpm.service has finished
-- Defined-By: systemd
-- Support: http://www.ubuntu.com/support
-- 
-- A stop job for unit php8.2-fpm.service has finished.
-- 
-- The job identifier is 1469 and the job result is done.
Mar 09 22:41:58 LAPTOP-9LT9PO3M systemd[1]: Starting The PHP 8.2 FastCGI Process Manager...
-- Subject: A start job for unit php8.2-fpm.service has begun execution
-- Defined-By: systemd
-- Support: http://www.ubuntu.com/support
-- 
-- A start job for unit php8.2-fpm.service has begun execution.
-- 
-- The job identifier is 1469.
Mar 09 22:41:58 LAPTOP-9LT9PO3M systemd[1]: Started The PHP 8.2 FastCGI Process Manager.
-- Subject: A start job for unit php8.2-fpm.service has finished successfully
-- Defined-By: systemd
-- Support: http://www.ubuntu.com/support
-- 
-- A start job for unit php8.2-fpm.service has finished successfully.
-- 
-- The job identifier is 1469.
Mar 09 22:41:58 LAPTOP-9LT9PO3M php8.2-fpm[13434]: [0;1;39m[0;1;31m[0;1;39mNOTICE: Not enabling PHP 8.2 FPM by default.[0m
Mar 09 22:41:58 LAPTOP-9LT9PO3M php8.2-fpm[13435]: [0;1;39m[0;1;31m[0;1;39mNOTICE: To enable PHP 8.2 FPM in Apache2 do:[0m
Mar 09 22:41:58 LAPTOP-9LT9PO3M php8.2-fpm[13436]: [0;1;39m[0;1;31m[0;1;39mNOTICE: a2enmod proxy_fcgi setenvif[0m
Mar 09 22:41:58 LAPTOP-9LT9PO3M php8.2-fpm[13437]: [0;1;39m[0;1;31m[0;1;39mNOTICE: a2enconf php8.2-fpm[0m
Mar 09 22:41:58 LAPTOP-9LT9PO3M php8.2-fpm[13438]: [0;1;39m[0;1;31m[0;1;39mNOTICE: You are seeing this message because you have apache2 package installed.[0m
Mar 09 22:42:02 LAPTOP-9LT9PO3M sudo[11353]: pam_unix(sudo:session): session closed for user root
Mar 09 22:42:19 LAPTOP-9LT9PO3M sudo[13486]: [0;1;39m[0;1;31m[0;1;39m   rafvm : TTY=pts/0 ; PWD=/home/rafvm ; USER=root ; COMMAND=/usr/bin/apt update[0m
Mar 09 22:42:19 LAPTOP-9LT9PO3M sudo[13486]: pam_unix(sudo:session): session opened for user root by (uid=0)
Mar 09 22:42:19 LAPTOP-9LT9PO3M systemd[1]: Starting Update APT News...
-- Subject: A start job for unit apt-news.service has begun execution
-- Defined-By: systemd
-- Support: http://www.ubuntu.com/support
-- 
-- A start job for unit apt-news.service has begun execution.
-- 
-- The job identifier is 1541.
Mar 09 22:42:19 LAPTOP-9LT9PO3M systemd[1]: Starting Update the local ESM caches...
-- Subject: A start job for unit esm-cache.service has begun execution
-- Defined-By: systemd
-- Support: http://www.ubuntu.com/support
-- 
-- A start job for unit esm-cache.service has begun execution.
-- 
-- The job identifier is 1613.
Mar 09 22:42:20 LAPTOP-9LT9PO3M systemd[1]: apt-news.service: Succeeded.
-- Subject: Unit succeeded
-- Defined-By: systemd
-- Support: http://www.ubuntu.com/support
-- 
-- The unit apt-news.service has successfully entered the 'dead' state.
Mar 09 22:42:20 LAPTOP-9LT9PO3M systemd[1]: Finished Update APT News.
-- Subject: A start job for unit apt-news.service has finished successfully
-- Defined-By: systemd
-- Support: http://www.ubuntu.com/support
-- 
-- A start job for unit apt-news.service has finished successfully.
-- 
-- The job identifier is 1541.
Mar 09 22:42:22 LAPTOP-9LT9PO3M systemd[1]: esm-cache.service: Succeeded.
-- Subject: Unit succeeded
-- Defined-By: systemd
-- Support: http://www.ubuntu.com/support
-- 
-- The unit esm-cache.service has successfully entered the 'dead' state.
Mar 09 22:42:22 LAPTOP-9LT9PO3M systemd[1]: Finished Update the local ESM caches.
-- Subject: A start job for unit esm-cache.service has finished successfully
-- Defined-By: systemd
-- Support: http://www.ubuntu.com/support
-- 
-- A start job for unit esm-cache.service has finished successfully.
-- 
-- The job identifier is 1613.
Mar 09 22:42:25 LAPTOP-9LT9PO3M sudo[13486]: pam_unix(sudo:session): session closed for user root
Mar 09 22:42:41 LAPTOP-9LT9PO3M sudo[13937]: [0;1;39m[0;1;31m[0;1;39m   rafvm : TTY=pts/0 ; PWD=/home/rafvm ; USER=root ; COMMAND=/usr/bin/apt install php-cli unzip[0m
Mar 09 22:42:41 LAPTOP-9LT9PO3M sudo[13937]: pam_unix(sudo:session): session opened for user root by (uid=0)
Mar 09 22:43:04 LAPTOP-9LT9PO3M php8.3-common[14220]: [0;38;5;245m[0;1;31m[0;38;5;245mphp_invoke calendar: already enabled for PHP 8.3 cli sapi[0m
Mar 09 22:43:05 LAPTOP-9LT9PO3M php8.3-common[14396]: [0;38;5;245m[0;1;31m[0;38;5;245mphp_invoke ctype: already enabled for PHP 8.3 cli sapi[0m
Mar 09 22:43:06 LAPTOP-9LT9PO3M php8.3-common[14572]: [0;38;5;245m[0;1;31m[0;38;5;245mphp_invoke exif: already enabled for PHP 8.3 cli sapi[0m
Mar 09 22:43:06 LAPTOP-9LT9PO3M php8.3-common[14748]: [0;38;5;245m[0;1;31m[0;38;5;245mphp_invoke fileinfo: already enabled for PHP 8.3 cli sapi[0m
Mar 09 22:43:07 LAPTOP-9LT9PO3M php8.3-common[14924]: [0;38;5;245m[0;1;31m[0;38;5;245mphp_invoke ffi: already enabled for PHP 8.3 cli sapi[0m
Mar 09 22:43:07 LAPTOP-9LT9PO3M php8.3-common[15100]: [0;38;5;245m[0;1;31m[0;38;5;245mphp_invoke ftp: already enabled for PHP 8.3 cli sapi[0m
Mar 09 22:43:08 LAPTOP-9LT9PO3M php8.3-common[15276]: [0;38;5;245m[0;1;31m[0;38;5;245mphp_invoke gettext: already enabled for PHP 8.3 cli sapi[0m
Mar 09 22:43:09 LAPTOP-9LT9PO3M php8.3-common[15452]: [0;38;5;245m[0;1;31m[0;38;5;245mphp_invoke iconv: already enabled for PHP 8.3 cli sapi[0m
Mar 09 22:43:09 LAPTOP-9LT9PO3M php8.3-common[15628]: [0;38;5;245m[0;1;31m[0;38;5;245mphp_invoke pdo: already enabled for PHP 8.3 cli sapi[0m
Mar 09 22:43:10 LAPTOP-9LT9PO3M php8.3-common[15804]: [0;38;5;245m[0;1;31m[0;38;5;245mphp_invoke phar: already enabled for PHP 8.3 cli sapi[0m
Mar 09 22:43:11 LAPTOP-9LT9PO3M php8.3-common[15980]: [0;38;5;245m[0;1;31m[0;38;5;245mphp_invoke posix: already enabled for PHP 8.3 cli sapi[0m
Mar 09 22:43:11 LAPTOP-9LT9PO3M php8.3-common[16156]: [0;38;5;245m[0;1;31m[0;38;5;245mphp_invoke shmop: already enabled for PHP 8.3 cli sapi[0m
Mar 09 22:43:12 LAPTOP-9LT9PO3M php8.3-common[16332]: [0;38;5;245m[0;1;31m[0;38;5;245mphp_invoke sockets: already enabled for PHP 8.3 cli sapi[0m
Mar 09 22:43:12 LAPTOP-9LT9PO3M php8.3-common[16508]: [0;38;5;245m[0;1;31m[0;38;5;245mphp_invoke sysvmsg: already enabled for PHP 8.3 cli sapi[0m
Mar 09 22:43:13 LAPTOP-9LT9PO3M php8.3-common[16684]: [0;38;5;245m[0;1;31m[0;38;5;245mphp_invoke sysvsem: already enabled for PHP 8.3 cli sapi[0m
Mar 09 22:43:14 LAPTOP-9LT9PO3M php8.3-common[16860]: [0;38;5;245m[0;1;31m[0;38;5;245mphp_invoke sysvshm: already enabled for PHP 8.3 cli sapi[0m
Mar 09 22:43:14 LAPTOP-9LT9PO3M php8.3-common[17036]: [0;38;5;245m[0;1;31m[0;38;5;245mphp_invoke tokenizer: already enabled for PHP 8.3 cli sapi[0m
Mar 09 22:43:15 LAPTOP-9LT9PO3M php8.3-readline[17213]: [0;38;5;245m[0;1;31m[0;38;5;245mphp_invoke readline: already enabled for PHP 8.3 cli sapi[0m
Mar 09 22:43:16 LAPTOP-9LT9PO3M php8.3-opcache[17390]: [0;38;5;245m[0;1;31m[0;38;5;245mphp_invoke opcache: already enabled for PHP 8.3 cli sapi[0m
Mar 09 22:43:16 LAPTOP-9LT9PO3M php8.3-cli[17534]: [0;38;5;245m[0;1;31m[0;38;5;245mphp_invoke readline: already enabled for PHP 8.3 cli sapi[0m
Mar 09 22:43:16 LAPTOP-9LT9PO3M php8.3-cli[17567]: [0;38;5;245m[0;1;31m[0;38;5;245mphp_invoke opcache: already enabled for PHP 8.3 cli sapi[0m
Mar 09 22:43:16 LAPTOP-9LT9PO3M php8.3-cli[17600]: [0;38;5;245m[0;1;31m[0;38;5;245mphp_invoke ctype: already enabled for PHP 8.3 cli sapi[0m
Mar 09 22:43:16 LAPTOP-9LT9PO3M php8.3-cli[17633]: [0;38;5;245m[0;1;31m[0;38;5;245mphp_invoke fileinfo: already enabled for PHP 8.3 cli sapi[0m
Mar 09 22:43:16 LAPTOP-9LT9PO3M php8.3-cli[17666]: [0;38;5;245m[0;1;31m[0;38;5;245mphp_invoke ffi: already enabled for PHP 8.3 cli sapi[0m
Mar 09 22:43:16 LAPTOP-9LT9PO3M php8.3-cli[17699]: [0;38;5;245m[0;1;31m[0;38;5;245mphp_invoke sysvshm: already enabled for PHP 8.3 cli sapi[0m
Mar 09 22:43:17 LAPTOP-9LT9PO3M php8.3-cli[17732]: [0;38;5;245m[0;1;31m[0;38;5;245mphp_invoke exif: already enabled for PHP 8.3 cli sapi[0m
Mar 09 22:43:17 LAPTOP-9LT9PO3M php8.3-cli[17765]: [0;38;5;245m[0;1;31m[0;38;5;245mphp_invoke tokenizer: already enabled for PHP 8.3 cli sapi[0m
Mar 09 22:43:17 LAPTOP-9LT9PO3M php8.3-cli[17798]: [0;38;5;245m[0;1;31m[0;38;5;245mphp_invoke sysvmsg: already enabled for PHP 8.3 cli sapi[0m
Mar 09 22:43:17 LAPTOP-9LT9PO3M php8.3-cli[17831]: [0;38;5;245m[0;1;31m[0;38;5;245mphp_invoke sockets: already enabled for PHP 8.3 cli sapi[0m
Mar 09 22:43:17 LAPTOP-9LT9PO3M php8.3-cli[17864]: [0;38;5;245m[0;1;31m[0;38;5;245mphp_invoke gettext: already enabled for PHP 8.3 cli sapi[0m
Mar 09 22:43:17 LAPTOP-9LT9PO3M php8.3-cli[17897]: [0;38;5;245m[0;1;31m[0;38;5;245mphp_invoke sysvsem: already enabled for PHP 8.3 cli sapi[0m
Mar 09 22:43:17 LAPTOP-9LT9PO3M php8.3-cli[17930]: [0;38;5;245m[0;1;31m[0;38;5;245mphp_invoke calendar: already enabled for PHP 8.3 cli sapi[0m
Mar 09 22:43:17 LAPTOP-9LT9PO3M php8.3-cli[17963]: [0;38;5;245m[0;1;31m[0;38;5;245mphp_invoke shmop: already enabled for PHP 8.3 cli sapi[0m
Mar 09 22:43:17 LAPTOP-9LT9PO3M php8.3-cli[17996]: [0;38;5;245m[0;1;31m[0;38;5;245mphp_invoke posix: already enabled for PHP 8.3 cli sapi[0m
Mar 09 22:43:17 LAPTOP-9LT9PO3M php8.3-cli[18029]: [0;38;5;245m[0;1;31m[0;38;5;245mphp_invoke phar: already enabled for PHP 8.3 cli sapi[0m
Mar 09 22:43:17 LAPTOP-9LT9PO3M php8.3-cli[18062]: [0;38;5;245m[0;1;31m[0;38;5;245mphp_invoke pdo: already enabled for PHP 8.3 cli sapi[0m
Mar 09 22:43:17 LAPTOP-9LT9PO3M php8.3-cli[18095]: [0;38;5;245m[0;1;31m[0;38;5;245mphp_invoke ftp: already enabled for PHP 8.3 cli sapi[0m
Mar 09 22:43:17 LAPTOP-9LT9PO3M php8.3-cli[18128]: [0;38;5;245m[0;1;31m[0;38;5;245mphp_invoke iconv: already enabled for PHP 8.3 cli sapi[0m
Mar 09 22:43:21 LAPTOP-9LT9PO3M sudo[13937]: pam_unix(sudo:session): session closed for user root
Mar 09 22:44:13 LAPTOP-9LT9PO3M sudo[18276]: [0;1;39m[0;1;31m[0;1;39m   rafvm : TTY=pts/0 ; PWD=/home/rafvm ; USER=root ; COMMAND=/usr/bin/php /tmp/composer-setup.php --install-dir=/usr/local/bin -[0m
Mar 09 22:44:13 LAPTOP-9LT9PO3M sudo[18276]: pam_unix(sudo:session): session opened for user root by (uid=0)
Mar 09 22:44:24 LAPTOP-9LT9PO3M sudo[18276]: pam_unix(sudo:session): session closed for user root
Mar 09 22:45:40 LAPTOP-9LT9PO3M systemd[1]: Starting Cleanup of Temporary Directories...
-- Subject: A start job for unit systemd-tmpfiles-clean.service has begun execution
-- Defined-By: systemd
-- Support: http://www.ubuntu.com/support
-- 
-- A start job for unit systemd-tmpfiles-clean.service has begun execution.
-- 
-- The job identifier is 1685.
Mar 09 22:45:40 LAPTOP-9LT9PO3M systemd[1]: systemd-tmpfiles-clean.service: Succeeded.
-- Subject: Unit succeeded
-- Defined-By: systemd
-- Support: http://www.ubuntu.com/support
-- 
-- The unit systemd-tmpfiles-clean.service has successfully entered the 'dead' state.
Mar 09 22:45:40 LAPTOP-9LT9PO3M systemd[1]: Finished Cleanup of Temporary Directories.
-- Subject: A start job for unit systemd-tmpfiles-clean.service has finished successfully
-- Defined-By: systemd
-- Support: http://www.ubuntu.com/support
-- 
-- A start job for unit systemd-tmpfiles-clean.service has finished successfully.
-- 
-- The job identifier is 1685.
Mar 09 22:46:34 LAPTOP-9LT9PO3M sudo[18292]: [0;1;39m[0;1;31m[0;1;39m   rafvm : TTY=pts/0 ; PWD=/home/rafvm ; USER=root ; COMMAND=/usr/bin/php /tmp/composer-setup.php --install-dir=/usr/local/bin --filename=composer[0m
Mar 09 22:46:34 LAPTOP-9LT9PO3M sudo[18292]: pam_unix(sudo:session): session opened for user root by (uid=0)
Mar 09 22:46:40 LAPTOP-9LT9PO3M sudo[18292]: pam_unix(sudo:session): session closed for user root
Mar 09 22:47:18 LAPTOP-9LT9PO3M sudo[18544]: [0;1;39m[0;1;31m[0;1;39m   rafvm : TTY=pts/2 ; PWD=/home/rafvm ; USER=root ; COMMAND=/usr/sbin/service mysql start[0m
Mar 09 22:47:18 LAPTOP-9LT9PO3M sudo[18544]: pam_unix(sudo:session): session opened for user root by (uid=0)
Mar 09 22:47:18 LAPTOP-9LT9PO3M systemd[1]: [0;1;38;5;185m[0;1;39m[0;1;38;5;185mConfiguration file /run/systemd/system/netplan-ovs-cleanup.service is marked world-inaccessible. This has no effect as configuration data is accessible via APIs without restrictions. Proceeding anyway.[0m
Mar 09 22:47:20 LAPTOP-9LT9PO3M sudo[18544]: pam_unix(sudo:session): session closed for user root
Mar 09 22:47:32 LAPTOP-9LT9PO3M sudo[18556]: [0;1;39m[0;1;31m[0;1;39m   rafvm : TTY=pts/2 ; PWD=/home/rafvm ; USER=root ; COMMAND=/usr/bin/mysql -u root -p[0m
Mar 09 22:47:32 LAPTOP-9LT9PO3M sudo[18556]: pam_unix(sudo:session): session opened for user root by (uid=0)
Mar 09 22:47:44 LAPTOP-9LT9PO3M sudo[18556]: pam_unix(sudo:session): session closed for user root
Mar 09 22:48:07 LAPTOP-9LT9PO3M Exception: 
Mar 09 22:48:07 LAPTOP-9LT9PO3M unknown: [0;1;38;5;185m[0;1;39m[0;1;38;5;185mOperation canceled @p9io.cpp:258 (AcceptAsync)[0m
Mar 09 22:48:07 LAPTOP-9LT9PO3M unknown: 
[0;1;39m-- Reboot --[0m
Mar 10 12:12:35 LAPTOP-9LT9PO3M kernel: [0;1;39m[0;1;31m[0;1;39mLinux version 5.15.167.4-microsoft-standard-WSL2 (root@f9c826d3017f) (gcc (GCC) 11.2.0, GNU ld (GNU Binutils) 2.37) #1 SMP Tue Nov 5 00:21:55 UTC 2024[0m
Mar 10 12:12:35 LAPTOP-9LT9PO3M kernel: Command line: initrd=\initrd.img WSL_ROOT_INIT=1 panic=-1 nr_cpus=12 hv_utils.timesync_implicit=1 console=hvc0 debug pty.legacy_count=0 WSL_ENABLE_CRASH_DUMP=1
Mar 10 12:12:35 LAPTOP-9LT9PO3M kernel: KERNEL supported cpus:
Mar 10 12:12:35 LAPTOP-9LT9PO3M kernel:   Intel GenuineIntel
Mar 10 12:12:35 LAPTOP-9LT9PO3M kernel:   AMD AuthenticAMD
Mar 10 12:12:35 LAPTOP-9LT9PO3M kernel:   Centaur CentaurHauls
Mar 10 12:12:35 LAPTOP-9LT9PO3M kernel: BIOS-provided physical RAM map:
Mar 10 12:12:35 LAPTOP-9LT9PO3M kernel: BIOS-e820: [mem 0x0000000000000000-0x000000000009ffff] usable
Mar 10 12:12:35 LAPTOP-9LT9PO3M kernel: BIOS-e820: [mem 0x00000000000e0000-0x00000000000e0fff] reserved
Mar 10 12:12:35 LAPTOP-9LT9PO3M kernel: BIOS-e820: [mem 0x0000000000100000-0x00000000001fffff] ACPI data
Mar 10 12:12:35 LAPTOP-9LT9PO3M kernel: BIOS-e820: [mem 0x0000000000200000-0x00000000f7ffffff] usable
Mar 10 12:12:35 LAPTOP-9LT9PO3M kernel: BIOS-e820: [mem 0x0000000100000000-0x00000001c31fffff] usable
Mar 10 12:12:35 LAPTOP-9LT9PO3M kernel: NX (Execute Disable) protection: active
Mar 10 12:12:35 LAPTOP-9LT9PO3M kernel: DMI not present or invalid.
Mar 10 12:12:35 LAPTOP-9LT9PO3M kernel: Hypervisor detected: Microsoft Hyper-V
Mar 10 12:12:35 LAPTOP-9LT9PO3M kernel: Hyper-V: privilege flags low 0xae7f, high 0x3b8030, hints 0x900c2c, misc 0xe0bed7b6
Mar 10 12:12:35 LAPTOP-9LT9PO3M kernel: Hyper-V Host Build:26100-10.0-3-0.3194
Mar 10 12:12:35 LAPTOP-9LT9PO3M kernel: Hyper-V: Nested features: 0x4a0000
Mar 10 12:12:35 LAPTOP-9LT9PO3M kernel: Hyper-V: LAPIC Timer Frequency: 0x1e8480
Mar 10 12:12:35 LAPTOP-9LT9PO3M kernel: Hyper-V: Using hypercall for remote TLB flush
Mar 10 12:12:35 LAPTOP-9LT9PO3M kernel: clocksource: hyperv_clocksource_tsc_page: mask: 0xffffffffffffffff max_cycles: 0x24e6a1710, max_idle_ns: 440795202120 ns
Mar 10 12:12:35 LAPTOP-9LT9PO3M kernel: tsc: Detected 2096.007 MHz processor
Mar 10 12:12:35 LAPTOP-9LT9PO3M kernel: [0;38;5;245m[0;1;31m[0;38;5;245me820: update [mem 0x00000000-0x00000fff] usable ==> reserved[0m
Mar 10 12:12:35 LAPTOP-9LT9PO3M kernel: [0;38;5;245m[0;1;31m[0;38;5;245me820: remove [mem 0x000a0000-0x000fffff] usable[0m
Mar 10 12:12:35 LAPTOP-9LT9PO3M kernel: last_pfn = 0x1c3200 max_arch_pfn = 0x400000000
Mar 10 12:12:35 LAPTOP-9LT9PO3M kernel: x86/PAT: Configuration [0-7]: WB  WC  UC- UC  WB  WP  UC- WT  
Mar 10 12:12:35 LAPTOP-9LT9PO3M kernel: last_pfn = 0xf8000 max_arch_pfn = 0x400000000
Mar 10 12:12:35 LAPTOP-9LT9PO3M kernel: Using GB pages for direct mapping
Mar 10 12:12:35 LAPTOP-9LT9PO3M kernel: RAMDISK: [mem 0x03de4000-0x04034fff]
Mar 10 12:12:35 LAPTOP-9LT9PO3M kernel: ACPI: Early table checksum verification disabled
Mar 10 12:12:35 LAPTOP-9LT9PO3M kernel: ACPI: RSDP 0x00000000000E0000 000024 (v02 VRTUAL)
Mar 10 12:12:35 LAPTOP-9LT9PO3M kernel: ACPI: XSDT 0x0000000000100000 000044 (v01 VRTUAL MICROSFT 00000001 MSFT 00000001)
Mar 10 12:12:35 LAPTOP-9LT9PO3M kernel: ACPI: FACP 0x0000000000101000 000114 (v06 VRTUAL MICROSFT 00000001 MSFT 00000001)
Mar 10 12:12:35 LAPTOP-9LT9PO3M kernel: ACPI: DSDT 0x00000000001011B8 01E191 (v02 MSFTVM DSDT01   00000001 MSFT 05000000)
Mar 10 12:12:35 LAPTOP-9LT9PO3M kernel: ACPI: FACS 0x0000000000101114 000040
Mar 10 12:12:35 LAPTOP-9LT9PO3M kernel: ACPI: OEM0 0x0000000000101154 000064 (v01 VRTUAL MICROSFT 00000001 MSFT 00000001)
Mar 10 12:12:35 LAPTOP-9LT9PO3M kernel: ACPI: SRAT 0x000000000011F349 000370 (v02 VRTUAL MICROSFT 00000001 MSFT 00000001)
Mar 10 12:12:35 LAPTOP-9LT9PO3M kernel: ACPI: APIC 0x000000000011F6B9 0000A8 (v04 VRTUAL MICROSFT 00000001 MSFT 00000001)
Mar 10 12:12:35 LAPTOP-9LT9PO3M kernel: ACPI: Reserving FACP table memory at [mem 0x101000-0x101113]
Mar 10 12:12:35 LAPTOP-9LT9PO3M kernel: ACPI: Reserving DSDT table memory at [mem 0x1011b8-0x11f348]
Mar 10 12:12:35 LAPTOP-9LT9PO3M kernel: ACPI: Reserving FACS table memory at [mem 0x101114-0x101153]
Mar 10 12:12:35 LAPTOP-9LT9PO3M kernel: ACPI: Reserving OEM0 table memory at [mem 0x101154-0x1011b7]
Mar 10 12:12:35 LAPTOP-9LT9PO3M kernel: ACPI: Reserving SRAT table memory at [mem 0x11f349-0x11f6b8]
Mar 10 12:12:35 LAPTOP-9LT9PO3M kernel: ACPI: Reserving APIC table memory at [mem 0x11f6b9-0x11f760]
Mar 10 12:12:35 LAPTOP-9LT9PO3M kernel: Zone ranges:
Mar 10 12:12:35 LAPTOP-9LT9PO3M kernel:   DMA      [mem 0x0000000000001000-0x0000000000ffffff]
Mar 10 12:12:35 LAPTOP-9LT9PO3M kernel:   DMA32    [mem 0x0000000001000000-0x00000000ffffffff]
Mar 10 12:12:35 LAPTOP-9LT9PO3M kernel:   Normal   [mem 0x0000000100000000-0x00000001c31fffff]
Mar 10 12:12:35 LAPTOP-9LT9PO3M kernel:   Device   empty
Mar 10 12:12:35 LAPTOP-9LT9PO3M kernel: Movable zone start for each node
Mar 10 12:12:35 LAPTOP-9LT9PO3M kernel: Early memory node ranges
Mar 10 12:12:35 LAPTOP-9LT9PO3M kernel:   node   0: [mem 0x0000000000001000-0x000000000009ffff]
Mar 10 12:12:35 LAPTOP-9LT9PO3M kernel:   node   0: [mem 0x0000000000200000-0x00000000f7ffffff]
Mar 10 12:12:35 LAPTOP-9LT9PO3M kernel:   node   0: [mem 0x0000000100000000-0x00000001c31fffff]
Mar 10 12:12:35 LAPTOP-9LT9PO3M kernel: Initmem setup node 0 [mem 0x0000000000001000-0x00000001c31fffff]
Mar 10 12:12:35 LAPTOP-9LT9PO3M kernel: On node 0, zone DMA: 1 pages in unavailable ranges
Mar 10 12:12:35 LAPTOP-9LT9PO3M kernel: On node 0, zone DMA: 352 pages in unavailable ranges
Mar 10 12:12:35 LAPTOP-9LT9PO3M kernel: On node 0, zone Normal: 19968 pages in unavailable ranges
Mar 10 12:12:35 LAPTOP-9LT9PO3M kernel: ACPI: LAPIC_NMI (acpi_id[0x01] dfl dfl lint[0x1])
Mar 10 12:12:35 LAPTOP-9LT9PO3M kernel: IOAPIC[0]: apic_id 12, version 17, address 0xfec00000, GSI 0-23
Mar 10 12:12:35 LAPTOP-9LT9PO3M kernel: ACPI: INT_SRC_OVR (bus 0 bus_irq 9 global_irq 9 high level)
Mar 10 12:12:35 LAPTOP-9LT9PO3M kernel: ACPI: Using ACPI (MADT) for SMP configuration information
Mar 10 12:12:35 LAPTOP-9LT9PO3M kernel: smpboot: Allowing 12 CPUs, 0 hotplug CPUs
Mar 10 12:12:35 LAPTOP-9LT9PO3M kernel: [mem 0xf8000000-0xffffffff] available for PCI devices
Mar 10 12:12:35 LAPTOP-9LT9PO3M kernel: Booting paravirtualized kernel on Hyper-V
Mar 10 12:12:35 LAPTOP-9LT9PO3M kernel: clocksource: refined-jiffies: mask: 0xffffffff max_cycles: 0xffffffff, max_idle_ns: 19112604462750000 ns
Mar 10 12:12:35 LAPTOP-9LT9PO3M kernel: setup_percpu: NR_CPUS:256 nr_cpumask_bits:256 nr_cpu_ids:12 nr_node_ids:1
Mar 10 12:12:35 LAPTOP-9LT9PO3M kernel: percpu: Embedded 54 pages/cpu s180696 r8192 d32296 u262144
Mar 10 12:12:35 LAPTOP-9LT9PO3M kernel: [0;38;5;245m[0;1;31m[0;38;5;245mpcpu-alloc: s180696 r8192 d32296 u262144 alloc=1*2097152[0m
Mar 10 12:12:35 LAPTOP-9LT9PO3M kernel: [0;38;5;245m[0;1;31m[0;38;5;245mpcpu-alloc: [0] 00 01 02 03 04 05 06 07 [0] 08 09 10 11 -- -- -- -- [0m
Mar 10 12:12:35 LAPTOP-9LT9PO3M kernel: Hyper-V: PV spinlocks enabled
Mar 10 12:12:35 LAPTOP-9LT9PO3M kernel: PV qspinlock hash table entries: 256 (order: 0, 4096 bytes, linear)
Mar 10 12:12:35 LAPTOP-9LT9PO3M kernel: Built 1 zonelists, mobility grouping on.  Total pages: 1785661
Mar 10 12:12:35 LAPTOP-9LT9PO3M kernel: [0;1;39m[0;1;31m[0;1;39mKernel command line: initrd=\initrd.img WSL_ROOT_INIT=1 panic=-1 nr_cpus=12 hv_utils.timesync_implicit=1 console=hvc0 debug pty.legacy_count=0 WSL_ENABLE_CRASH_DUMP=1[0m
Mar 10 12:12:35 LAPTOP-9LT9PO3M kernel: [0;1;39m[0;1;31m[0;1;39mUnknown kernel command line parameters "WSL_ROOT_INIT=1 WSL_ENABLE_CRASH_DUMP=1", will be passed to user space.[0m
Mar 10 12:12:35 LAPTOP-9LT9PO3M kernel: Dentry cache hash table entries: 1048576 (order: 11, 8388608 bytes, linear)
Mar 10 12:12:35 LAPTOP-9LT9PO3M kernel: Inode-cache hash table entries: 524288 (order: 10, 4194304 bytes, linear)
Mar 10 12:12:35 LAPTOP-9LT9PO3M kernel: mem auto-init: stack:off, heap alloc:off, heap free:off
Mar 10 12:12:35 LAPTOP-9LT9PO3M kernel: Memory: 4124088K/7258748K available (18452K kernel code, 2648K rwdata, 9668K rodata, 2016K init, 1776K bss, 241996K reserved, 0K cma-reserved)
Mar 10 12:12:35 LAPTOP-9LT9PO3M kernel: SLUB: HWalign=64, Order=0-3, MinObjects=0, CPUs=12, Nodes=1
Mar 10 12:12:35 LAPTOP-9LT9PO3M kernel: ftrace: allocating 52991 entries in 207 pages
Mar 10 12:12:35 LAPTOP-9LT9PO3M kernel: ftrace: allocated 207 pages with 6 groups
Mar 10 12:12:35 LAPTOP-9LT9PO3M kernel: rcu: Hierarchical RCU implementation.
Mar 10 12:12:35 LAPTOP-9LT9PO3M kernel: rcu:         RCU restricting CPUs from NR_CPUS=256 to nr_cpu_ids=12.
Mar 10 12:12:35 LAPTOP-9LT9PO3M kernel:         Rude variant of Tasks RCU enabled.
Mar 10 12:12:35 LAPTOP-9LT9PO3M kernel:         Tracing variant of Tasks RCU enabled.
Mar 10 12:12:35 LAPTOP-9LT9PO3M kernel: rcu: RCU calculated value of scheduler-enlistment delay is 10 jiffies.
Mar 10 12:12:35 LAPTOP-9LT9PO3M kernel: rcu: Adjusting geometry for rcu_fanout_leaf=16, nr_cpu_ids=12
Mar 10 12:12:35 LAPTOP-9LT9PO3M kernel: Using NULL legacy PIC
Mar 10 12:12:35 LAPTOP-9LT9PO3M kernel: NR_IRQS: 16640, nr_irqs: 520, preallocated irqs: 0
Mar 10 12:12:35 LAPTOP-9LT9PO3M kernel: [0;1;39m[0;1;31m[0;1;39mrandom: crng init done[0m
Mar 10 12:12:35 LAPTOP-9LT9PO3M kernel: Console: colour dummy device 80x25
Mar 10 12:12:35 LAPTOP-9LT9PO3M kernel: ACPI: Core revision 20210730
Mar 10 12:12:35 LAPTOP-9LT9PO3M kernel: Failed to register legacy timer interrupt
Mar 10 12:12:35 LAPTOP-9LT9PO3M kernel: APIC: Switch to symmetric I/O mode setup
Mar 10 12:12:35 LAPTOP-9LT9PO3M kernel: Switched APIC routing to physical flat.
Mar 10 12:12:35 LAPTOP-9LT9PO3M kernel: Hyper-V: Using IPI hypercalls
Mar 10 12:12:35 LAPTOP-9LT9PO3M kernel: Hyper-V: Using enlightened APIC (xapic mode)
Mar 10 12:12:35 LAPTOP-9LT9PO3M kernel: clocksource: tsc-early: mask: 0xffffffffffffffff max_cycles: 0x1e36749a135, max_idle_ns: 440795280167 ns
Mar 10 12:12:35 LAPTOP-9LT9PO3M kernel: Calibrating delay loop (skipped), value calculated using timer frequency.. 4192.01 BogoMIPS (lpj=20960070)
Mar 10 12:12:35 LAPTOP-9LT9PO3M kernel: x86/cpu: User Mode Instruction Prevention (UMIP) activated
Mar 10 12:12:35 LAPTOP-9LT9PO3M kernel: Last level iTLB entries: 4KB 1024, 2MB 1024, 4MB 512
Mar 10 12:12:35 LAPTOP-9LT9PO3M kernel: Last level dTLB entries: 4KB 2048, 2MB 2048, 4MB 1024, 1GB 0
Mar 10 12:12:35 LAPTOP-9LT9PO3M kernel: Spectre V1 : Mitigation: usercopy/swapgs barriers and __user pointer sanitization
Mar 10 12:12:35 LAPTOP-9LT9PO3M kernel: Spectre V2 : Mitigation: Retpolines
Mar 10 12:12:35 LAPTOP-9LT9PO3M kernel: Spectre V2 : Spectre v2 / SpectreRSB mitigation: Filling RSB on context switch
Mar 10 12:12:35 LAPTOP-9LT9PO3M kernel: Spectre V2 : Spectre v2 / SpectreRSB : Filling RSB on VMEXIT
Mar 10 12:12:35 LAPTOP-9LT9PO3M kernel: Spectre V2 : Enabling Speculation Barrier for firmware calls
Mar 10 12:12:35 LAPTOP-9LT9PO3M kernel: RETBleed: Mitigation: untrained return thunk
Mar 10 12:12:35 LAPTOP-9LT9PO3M kernel: Spectre V2 : mitigation: Enabling conditional Indirect Branch Prediction Barrier
Mar 10 12:12:35 LAPTOP-9LT9PO3M kernel: Spectre V2 : Selecting STIBP always-on mode to complement retbleed mitigation
Mar 10 12:12:35 LAPTOP-9LT9PO3M kernel: Spectre V2 : User space: Mitigation: STIBP always-on protection
Mar 10 12:12:35 LAPTOP-9LT9PO3M kernel: Speculative Store Bypass: Mitigation: Speculative Store Bypass disabled via prctl and seccomp
Mar 10 12:12:35 LAPTOP-9LT9PO3M kernel: Speculative Return Stack Overflow: Mitigation: safe RET
Mar 10 12:12:35 LAPTOP-9LT9PO3M kernel: x86/fpu: Supporting XSAVE feature 0x001: 'x87 floating point registers'
Mar 10 12:12:35 LAPTOP-9LT9PO3M kernel: x86/fpu: Supporting XSAVE feature 0x002: 'SSE registers'
Mar 10 12:12:35 LAPTOP-9LT9PO3M kernel: x86/fpu: Supporting XSAVE feature 0x004: 'AVX registers'
Mar 10 12:12:35 LAPTOP-9LT9PO3M kernel: x86/fpu: xstate_offset[2]:  576, xstate_sizes[2]:  256
Mar 10 12:12:35 LAPTOP-9LT9PO3M kernel: x86/fpu: Enabled xstate features 0x7, context size is 832 bytes, using 'standard' format.
Mar 10 12:12:35 LAPTOP-9LT9PO3M kernel: Freeing SMP alternatives memory: 60K
Mar 10 12:12:35 LAPTOP-9LT9PO3M kernel: pid_max: default: 32768 minimum: 301
Mar 10 12:12:35 LAPTOP-9LT9PO3M kernel: LSM: Security Framework initializing
Mar 10 12:12:35 LAPTOP-9LT9PO3M kernel: landlock: Up and running.
Mar 10 12:12:35 LAPTOP-9LT9PO3M kernel: Mount-cache hash table entries: 16384 (order: 5, 131072 bytes, linear)
Mar 10 12:12:35 LAPTOP-9LT9PO3M kernel: Mountpoint-cache hash table entries: 16384 (order: 5, 131072 bytes, linear)
Mar 10 12:12:35 LAPTOP-9LT9PO3M kernel: smpboot: CPU0: AMD Ryzen 5 5500U with Radeon Graphics (family: 0x17, model: 0x68, stepping: 0x1)
Mar 10 12:12:35 LAPTOP-9LT9PO3M kernel: Performance Events: Fam17h+ core perfctr, AMD PMU driver.
Mar 10 12:12:35 LAPTOP-9LT9PO3M kernel: ... version:                0
Mar 10 12:12:35 LAPTOP-9LT9PO3M kernel: ... bit width:              48
Mar 10 12:12:35 LAPTOP-9LT9PO3M kernel: ... generic registers:      6
Mar 10 12:12:35 LAPTOP-9LT9PO3M kernel: ... value mask:             0000ffffffffffff
Mar 10 12:12:35 LAPTOP-9LT9PO3M kernel: ... max period:             00007fffffffffff
Mar 10 12:12:35 LAPTOP-9LT9PO3M kernel: ... fixed-purpose events:   0
Mar 10 12:12:35 LAPTOP-9LT9PO3M kernel: ... event mask:             000000000000003f
Mar 10 12:12:35 LAPTOP-9LT9PO3M kernel: signal: max sigframe size: 1776
Mar 10 12:12:35 LAPTOP-9LT9PO3M kernel: rcu: Hierarchical SRCU implementation.
Mar 10 12:12:35 LAPTOP-9LT9PO3M kernel: smp: Bringing up secondary CPUs ...
Mar 10 12:12:35 LAPTOP-9LT9PO3M kernel: x86: Booting SMP configuration:
Mar 10 12:12:35 LAPTOP-9LT9PO3M kernel: .... node  #0, CPUs:        #1
Mar 10 12:12:35 LAPTOP-9LT9PO3M kernel: Spectre V2 : Update user space SMT mitigation: STIBP always-on
Mar 10 12:12:35 LAPTOP-9LT9PO3M kernel: [0;1;31m[0;1;39m[0;1;31m  #2  #3  #4  #5  #6  #7  #8  #9 #10 #11[0m
Mar 10 12:12:35 LAPTOP-9LT9PO3M kernel: smp: Brought up 1 node, 12 CPUs
Mar 10 12:12:35 LAPTOP-9LT9PO3M kernel: smpboot: Max logical packages: 1
Mar 10 12:12:35 LAPTOP-9LT9PO3M kernel: smpboot: Total of 12 processors activated (50304.16 BogoMIPS)
Mar 10 12:12:35 LAPTOP-9LT9PO3M kernel: node 0 deferred pages initialised in 20ms
Mar 10 12:12:35 LAPTOP-9LT9PO3M kernel: devtmpfs: initialized
Mar 10 12:12:35 LAPTOP-9LT9PO3M kernel: x86/mm: Memory block size: 128MB
Mar 10 12:12:35 LAPTOP-9LT9PO3M kernel: clocksource: jiffies: mask: 0xffffffff max_cycles: 0xffffffff, max_idle_ns: 19112604462750000 ns
Mar 10 12:12:35 LAPTOP-9LT9PO3M kernel: futex hash table entries: 4096 (order: 6, 262144 bytes, linear)
Mar 10 12:12:35 LAPTOP-9LT9PO3M kernel: NET: Registered PF_NETLINK/PF_ROUTE protocol family
Mar 10 12:12:35 LAPTOP-9LT9PO3M kernel: audit: initializing netlink subsys (disabled)
Mar 10 12:12:35 LAPTOP-9LT9PO3M kernel: [0;1;39m[0;1;31m[0;1;39maudit: type=2000 audit(1741579918.050:1): state=initialized audit_enabled=0 res=1[0m
Mar 10 12:12:35 LAPTOP-9LT9PO3M kernel: thermal_sys: Registered thermal governor 'step_wise'
Mar 10 12:12:35 LAPTOP-9LT9PO3M kernel: cpuidle: using governor menu
Mar 10 12:12:35 LAPTOP-9LT9PO3M kernel: ACPI: bus type PCI registered
Mar 10 12:12:35 LAPTOP-9LT9PO3M kernel: [0;1;31m[0;1;39m[0;1;31mPCI: Fatal: No config space access function found[0m
Mar 10 12:12:35 LAPTOP-9LT9PO3M kernel: kprobes: kprobe jump-optimization is enabled. All kprobes are optimized if possible.
Mar 10 12:12:35 LAPTOP-9LT9PO3M kernel: HugeTLB registered 1.00 GiB page size, pre-allocated 0 pages
Mar 10 12:12:35 LAPTOP-9LT9PO3M kernel: HugeTLB registered 2.00 MiB page size, pre-allocated 0 pages
Mar 10 12:12:35 LAPTOP-9LT9PO3M kernel: raid6: skip pq benchmark and using algorithm avx2x4
Mar 10 12:12:35 LAPTOP-9LT9PO3M kernel: raid6: using avx2x2 recovery algorithm
Mar 10 12:12:35 LAPTOP-9LT9PO3M kernel: ACPI: Added _OSI(Module Device)
Mar 10 12:12:35 LAPTOP-9LT9PO3M kernel: ACPI: Added _OSI(Processor Device)
Mar 10 12:12:35 LAPTOP-9LT9PO3M kernel: ACPI: Added _OSI(3.0 _SCP Extensions)
Mar 10 12:12:35 LAPTOP-9LT9PO3M kernel: ACPI: Added _OSI(Processor Aggregator Device)
Mar 10 12:12:35 LAPTOP-9LT9PO3M kernel: ACPI: Added _OSI(Linux-Dell-Video)
Mar 10 12:12:35 LAPTOP-9LT9PO3M kernel: ACPI: Added _OSI(Linux-Lenovo-NV-HDMI-Audio)
Mar 10 12:12:35 LAPTOP-9LT9PO3M kernel: ACPI: Added _OSI(Linux-HPI-Hybrid-Graphics)
Mar 10 12:12:35 LAPTOP-9LT9PO3M kernel: ACPI: 1 ACPI AML tables successfully acquired and loaded
Mar 10 12:12:35 LAPTOP-9LT9PO3M kernel: ACPI: Interpreter enabled
Mar 10 12:12:35 LAPTOP-9LT9PO3M kernel: ACPI: PM: (supports S0 S5)
Mar 10 12:12:35 LAPTOP-9LT9PO3M kernel: ACPI: Using IOAPIC for interrupt routing
Mar 10 12:12:35 LAPTOP-9LT9PO3M kernel: PCI: Using host bridge windows from ACPI; if necessary, use "pci=nocrs" and report a bug
Mar 10 12:12:35 LAPTOP-9LT9PO3M kernel: ACPI: Enabled 2 GPEs in block 00 to 0F
Mar 10 12:12:35 LAPTOP-9LT9PO3M kernel: iommu: Default domain type: Translated 
Mar 10 12:12:35 LAPTOP-9LT9PO3M kernel: iommu: DMA domain TLB invalidation policy: lazy mode 
Mar 10 12:12:35 LAPTOP-9LT9PO3M kernel: [0;1;39m[0;1;31m[0;1;39mSCSI subsystem initialized[0m
Mar 10 12:12:35 LAPTOP-9LT9PO3M kernel: ACPI: bus type USB registered
Mar 10 12:12:35 LAPTOP-9LT9PO3M kernel: usbcore: registered new interface driver usbfs
Mar 10 12:12:35 LAPTOP-9LT9PO3M kernel: usbcore: registered new interface driver hub
Mar 10 12:12:35 LAPTOP-9LT9PO3M kernel: usbcore: registered new device driver usb
Mar 10 12:12:35 LAPTOP-9LT9PO3M kernel: pps_core: LinuxPPS API ver. 1 registered
Mar 10 12:12:35 LAPTOP-9LT9PO3M kernel: pps_core: Software ver. 5.3.6 - Copyright 2005-2007 Rodolfo Giometti <giometti@linux.it>
Mar 10 12:12:35 LAPTOP-9LT9PO3M kernel: PTP clock support registered
Mar 10 12:12:35 LAPTOP-9LT9PO3M kernel: hv_vmbus: Vmbus version:5.3
Mar 10 12:12:35 LAPTOP-9LT9PO3M kernel: PCI: Using ACPI for IRQ routing
Mar 10 12:12:35 LAPTOP-9LT9PO3M kernel: [0;1;38;5;185m[0;1;39m[0;1;38;5;185mPCI: System does not support PCI[0m
Mar 10 12:12:35 LAPTOP-9LT9PO3M kernel: clocksource: Switched to clocksource tsc-early
Mar 10 12:12:35 LAPTOP-9LT9PO3M kernel: hv_vmbus: Unknown GUID: c376c1c3-d276-48d2-90a9-c04748072c60
Mar 10 12:12:35 LAPTOP-9LT9PO3M kernel: hv_vmbus: Unknown GUID: 6e382d18-3336-4f4b-acc4-2b7703d4df4a
Mar 10 12:12:35 LAPTOP-9LT9PO3M kernel: hv_vmbus: Unknown GUID: dde9cbc0-5060-4436-9448-ea1254a5d177
Mar 10 12:12:35 LAPTOP-9LT9PO3M kernel: [0;1;39m[0;1;31m[0;1;39mVFS: Disk quotas dquot_6.6.0[0m
Mar 10 12:12:35 LAPTOP-9LT9PO3M kernel: VFS: Dquot-cache hash table entries: 512 (order 0, 4096 bytes)
Mar 10 12:12:35 LAPTOP-9LT9PO3M kernel: [0;1;39m[0;1;31m[0;1;39mFS-Cache: Loaded[0m
Mar 10 12:12:35 LAPTOP-9LT9PO3M kernel: pnp: PnP ACPI init
Mar 10 12:12:35 LAPTOP-9LT9PO3M kernel: pnp: PnP ACPI: found 1 devices
Mar 10 12:12:35 LAPTOP-9LT9PO3M kernel: NET: Registered PF_INET protocol family
Mar 10 12:12:35 LAPTOP-9LT9PO3M kernel: IP idents hash table entries: 131072 (order: 8, 1048576 bytes, linear)
Mar 10 12:12:35 LAPTOP-9LT9PO3M kernel: tcp_listen_portaddr_hash hash table entries: 4096 (order: 4, 65536 bytes, linear)
Mar 10 12:12:35 LAPTOP-9LT9PO3M kernel: Table-perturb hash table entries: 65536 (order: 6, 262144 bytes, linear)
Mar 10 12:12:35 LAPTOP-9LT9PO3M kernel: TCP established hash table entries: 65536 (order: 7, 524288 bytes, linear)
Mar 10 12:12:35 LAPTOP-9LT9PO3M kernel: TCP bind hash table entries: 65536 (order: 8, 1048576 bytes, linear)
Mar 10 12:12:35 LAPTOP-9LT9PO3M kernel: TCP: Hash tables configured (established 65536 bind 65536)
Mar 10 12:12:35 LAPTOP-9LT9PO3M kernel: UDP hash table entries: 4096 (order: 5, 131072 bytes, linear)
Mar 10 12:12:35 LAPTOP-9LT9PO3M kernel: UDP-Lite hash table entries: 4096 (order: 5, 131072 bytes, linear)
Mar 10 12:12:35 LAPTOP-9LT9PO3M kernel: NET: Registered PF_UNIX/PF_LOCAL protocol family
Mar 10 12:12:35 LAPTOP-9LT9PO3M kernel: RPC: Registered named UNIX socket transport module.
Mar 10 12:12:35 LAPTOP-9LT9PO3M kernel: RPC: Registered udp transport module.
Mar 10 12:12:35 LAPTOP-9LT9PO3M kernel: RPC: Registered tcp transport module.
Mar 10 12:12:35 LAPTOP-9LT9PO3M kernel: RPC: Registered tcp NFSv4.1 backchannel transport module.
Mar 10 12:12:35 LAPTOP-9LT9PO3M kernel: PCI: CLS 0 bytes, default 64
Mar 10 12:12:35 LAPTOP-9LT9PO3M kernel: PCI-DMA: Using software bounce buffering for IO (SWIOTLB)
Mar 10 12:12:35 LAPTOP-9LT9PO3M kernel: software IO TLB: mapped [mem 0x00000000f4000000-0x00000000f8000000] (64MB)
Mar 10 12:12:35 LAPTOP-9LT9PO3M kernel: Trying to unpack rootfs image as initramfs...
Mar 10 12:12:35 LAPTOP-9LT9PO3M kernel: [0;1;31m[0;1;39m[0;1;31mkvm: no hardware support[0m
Mar 10 12:12:35 LAPTOP-9LT9PO3M kernel: Freeing initrd memory: 2372K
Mar 10 12:12:35 LAPTOP-9LT9PO3M kernel: kvm: Nested Virtualization enabled
Mar 10 12:12:35 LAPTOP-9LT9PO3M kernel: SVM: kvm: Nested Paging enabled
Mar 10 12:12:35 LAPTOP-9LT9PO3M kernel: SVM: kvm: Hyper-V enlightened NPT TLB flush enabled
Mar 10 12:12:35 LAPTOP-9LT9PO3M kernel: SVM: kvm: Hyper-V Direct TLB Flush enabled
Mar 10 12:12:35 LAPTOP-9LT9PO3M kernel: SVM: Virtual VMLOAD VMSAVE supported
Mar 10 12:12:35 LAPTOP-9LT9PO3M kernel: [0;1;39m[0;1;31m[0;1;39mInitialise system trusted keyrings[0m
Mar 10 12:12:35 LAPTOP-9LT9PO3M kernel: workingset: timestamp_bits=46 max_order=21 bucket_order=0
Mar 10 12:12:35 LAPTOP-9LT9PO3M kernel: squashfs: version 4.0 (2009/01/31) Phillip Lougher
Mar 10 12:12:35 LAPTOP-9LT9PO3M kernel: [0;1;39m[0;1;31m[0;1;39mNFS: Registering the id_resolver key type[0m
Mar 10 12:12:35 LAPTOP-9LT9PO3M kernel: [0;1;39m[0;1;31m[0;1;39mKey type id_resolver registered[0m
Mar 10 12:12:35 LAPTOP-9LT9PO3M kernel: [0;1;39m[0;1;31m[0;1;39mKey type id_legacy registered[0m
Mar 10 12:12:35 LAPTOP-9LT9PO3M kernel: nfs4filelayout_init: NFSv4 File Layout Driver Registering...
Mar 10 12:12:35 LAPTOP-9LT9PO3M kernel: nfs4flexfilelayout_init: NFSv4 Flexfile Layout Driver Registering...
Mar 10 12:12:35 LAPTOP-9LT9PO3M kernel: [0;1;39m[0;1;31m[0;1;39mKey type cifs.idmap registered[0m
Mar 10 12:12:35 LAPTOP-9LT9PO3M kernel: fuse: init (API version 7.34)
Mar 10 12:12:35 LAPTOP-9LT9PO3M kernel: SGI XFS with ACLs, security attributes, realtime, scrub, repair, quota, no debug enabled
Mar 10 12:12:35 LAPTOP-9LT9PO3M kernel: 9p: Installing v9fs 9p2000 file system support
Mar 10 12:12:35 LAPTOP-9LT9PO3M kernel: [0;1;39m[0;1;31m[0;1;39mFS-Cache: Netfs '9p' registered for caching[0m
Mar 10 12:12:35 LAPTOP-9LT9PO3M kernel: [0;1;39m[0;1;31m[0;1;39mFS-Cache: Netfs 'ceph' registered for caching[0m
Mar 10 12:12:35 LAPTOP-9LT9PO3M kernel: ceph: loaded (mds proto 32)
Mar 10 12:12:35 LAPTOP-9LT9PO3M kernel: NET: Registered PF_ALG protocol family
Mar 10 12:12:35 LAPTOP-9LT9PO3M kernel: xor: automatically using best checksumming function   avx       
Mar 10 12:12:35 LAPTOP-9LT9PO3M kernel: [0;1;39m[0;1;31m[0;1;39mKey type asymmetric registered[0m
Mar 10 12:12:35 LAPTOP-9LT9PO3M kernel: [0;1;39m[0;1;31m[0;1;39mAsymmetric key parser 'x509' registered[0m
Mar 10 12:12:35 LAPTOP-9LT9PO3M kernel: Block layer SCSI generic (bsg) driver version 0.4 loaded (major 248)
Mar 10 12:12:35 LAPTOP-9LT9PO3M kernel: hv_vmbus: registering driver hv_pci
Mar 10 12:12:35 LAPTOP-9LT9PO3M kernel: hv_pci c4b741f5-5582-4c98-8f8b-2e082933c396: PCI VMBus probing: Using version 0x10004
Mar 10 12:12:35 LAPTOP-9LT9PO3M kernel: hv_pci c4b741f5-5582-4c98-8f8b-2e082933c396: PCI host bridge to bus 5582:00
Mar 10 12:12:35 LAPTOP-9LT9PO3M kernel: pci_bus 5582:00: root bus resource [mem 0x9ffe00000-0x9ffe02fff window]
Mar 10 12:12:35 LAPTOP-9LT9PO3M kernel: pci_bus 5582:00: No busn resource found for root bus, will use [bus 00-ff]
Mar 10 12:12:35 LAPTOP-9LT9PO3M kernel: pci 5582:00:00.0: [1af4:1043] type 00 class 0x010000
Mar 10 12:12:35 LAPTOP-9LT9PO3M kernel: pci 5582:00:00.0: reg 0x10: [mem 0x9ffe00000-0x9ffe00fff 64bit]
Mar 10 12:12:35 LAPTOP-9LT9PO3M kernel: pci 5582:00:00.0: reg 0x18: [mem 0x9ffe01000-0x9ffe01fff 64bit]
Mar 10 12:12:35 LAPTOP-9LT9PO3M kernel: pci 5582:00:00.0: reg 0x20: [mem 0x9ffe02000-0x9ffe02fff 64bit]
Mar 10 12:12:35 LAPTOP-9LT9PO3M kernel: pci_bus 5582:00: busn_res: [bus 00-ff] end is updated to 00
Mar 10 12:12:35 LAPTOP-9LT9PO3M kernel: pci 5582:00:00.0: BAR 0: assigned [mem 0x9ffe00000-0x9ffe00fff 64bit]
Mar 10 12:12:35 LAPTOP-9LT9PO3M kernel: pci 5582:00:00.0: BAR 2: assigned [mem 0x9ffe01000-0x9ffe01fff 64bit]
Mar 10 12:12:35 LAPTOP-9LT9PO3M kernel: pci 5582:00:00.0: BAR 4: assigned [mem 0x9ffe02000-0x9ffe02fff 64bit]
Mar 10 12:12:35 LAPTOP-9LT9PO3M kernel: hv_pci 066c0ff2-d165-4d5e-bc8e-8b016b7d1453: PCI VMBus probing: Using version 0x10004
Mar 10 12:12:35 LAPTOP-9LT9PO3M kernel: hv_pci 066c0ff2-d165-4d5e-bc8e-8b016b7d1453: PCI host bridge to bus d165:00
Mar 10 12:12:35 LAPTOP-9LT9PO3M kernel: pci_bus d165:00: No busn resource found for root bus, will use [bus 00-ff]
Mar 10 12:12:35 LAPTOP-9LT9PO3M kernel: pci d165:00:00.0: [1414:008e] type 00 class 0x030200
Mar 10 12:12:35 LAPTOP-9LT9PO3M kernel: pci_bus d165:00: busn_res: [bus 00-ff] end is updated to 00
Mar 10 12:12:35 LAPTOP-9LT9PO3M kernel: ACPI: AC: AC Adapter [AC1] (off-line)
Mar 10 12:12:35 LAPTOP-9LT9PO3M kernel: ACPI: battery: Slot [BAT1] (battery present)
Mar 10 12:12:35 LAPTOP-9LT9PO3M kernel: Serial: 8250/16550 driver, 4 ports, IRQ sharing disabled
Mar 10 12:12:35 LAPTOP-9LT9PO3M kernel: Non-volatile memory driver v1.3
Mar 10 12:12:35 LAPTOP-9LT9PO3M kernel: [drm] Initialized vgem 1.0.0 20120112 for vgem on minor 0
Mar 10 12:12:35 LAPTOP-9LT9PO3M kernel: printk: console [hvc0] enabled
Mar 10 12:12:35 LAPTOP-9LT9PO3M kernel: brd: module loaded
Mar 10 12:12:35 LAPTOP-9LT9PO3M kernel: loop: module loaded
Mar 10 12:12:35 LAPTOP-9LT9PO3M kernel: hv_vmbus: registering driver hv_storvsc
Mar 10 12:12:35 LAPTOP-9LT9PO3M kernel: wireguard: WireGuard 1.0.0 loaded. See www.wireguard.com for information.
Mar 10 12:12:35 LAPTOP-9LT9PO3M kernel: wireguard: Copyright (C) 2015-2019 Jason A. Donenfeld <Jason@zx2c4.com>. All Rights Reserved.
Mar 10 12:12:35 LAPTOP-9LT9PO3M kernel: tun: Universal TUN/TAP device driver, 1.6
Mar 10 12:12:35 LAPTOP-9LT9PO3M kernel: PPP generic driver version 2.4.2
Mar 10 12:12:35 LAPTOP-9LT9PO3M kernel: scsi host0: storvsc_host_t
Mar 10 12:12:35 LAPTOP-9LT9PO3M kernel: PPP BSD Compression module registered
Mar 10 12:12:35 LAPTOP-9LT9PO3M kernel: PPP Deflate Compression module registered
Mar 10 12:12:35 LAPTOP-9LT9PO3M kernel: PPP MPPE Compression module registered
Mar 10 12:12:35 LAPTOP-9LT9PO3M kernel: NET: Registered PF_PPPOX protocol family
Mar 10 12:12:35 LAPTOP-9LT9PO3M kernel: usbcore: registered new interface driver cdc_ether
Mar 10 12:12:35 LAPTOP-9LT9PO3M kernel: usbcore: registered new interface driver cdc_ncm
Mar 10 12:12:35 LAPTOP-9LT9PO3M kernel: usbcore: registered new interface driver r8153_ecm
Mar 10 12:12:35 LAPTOP-9LT9PO3M kernel: hv_vmbus: registering driver hv_netvsc
Mar 10 12:12:35 LAPTOP-9LT9PO3M kernel: VFIO - User Level meta-driver version: 0.3
Mar 10 12:12:35 LAPTOP-9LT9PO3M kernel: usbcore: registered new interface driver cdc_acm
Mar 10 12:12:35 LAPTOP-9LT9PO3M kernel: cdc_acm: USB Abstract Control Model driver for USB modems and ISDN adapters
Mar 10 12:12:35 LAPTOP-9LT9PO3M kernel: vhci_hcd vhci_hcd.0: USB/IP Virtual Host Controller
Mar 10 12:12:35 LAPTOP-9LT9PO3M kernel: vhci_hcd vhci_hcd.0: new USB bus registered, assigned bus number 1
Mar 10 12:12:35 LAPTOP-9LT9PO3M kernel: vhci_hcd: created sysfs vhci_hcd.0
Mar 10 12:12:35 LAPTOP-9LT9PO3M kernel: usb usb1: New USB device found, idVendor=1d6b, idProduct=0002, bcdDevice= 5.15
Mar 10 12:12:35 LAPTOP-9LT9PO3M kernel: usb usb1: New USB device strings: Mfr=3, Product=2, SerialNumber=1
Mar 10 12:12:35 LAPTOP-9LT9PO3M kernel: usb usb1: Product: USB/IP Virtual Host Controller
Mar 10 12:12:35 LAPTOP-9LT9PO3M kernel: usb usb1: Manufacturer: Linux 5.15.167.4-microsoft-standard-WSL2 vhci_hcd
Mar 10 12:12:35 LAPTOP-9LT9PO3M kernel: usb usb1: SerialNumber: vhci_hcd.0
Mar 10 12:12:35 LAPTOP-9LT9PO3M kernel: hub 1-0:1.0: USB hub found
Mar 10 12:12:35 LAPTOP-9LT9PO3M kernel: hub 1-0:1.0: 8 ports detected
Mar 10 12:12:35 LAPTOP-9LT9PO3M kernel: vhci_hcd vhci_hcd.0: USB/IP Virtual Host Controller
Mar 10 12:12:35 LAPTOP-9LT9PO3M kernel: vhci_hcd vhci_hcd.0: new USB bus registered, assigned bus number 2
Mar 10 12:12:35 LAPTOP-9LT9PO3M kernel: usb usb2: We don't know the algorithms for LPM for this host, disabling LPM.
Mar 10 12:12:35 LAPTOP-9LT9PO3M kernel: usb usb2: New USB device found, idVendor=1d6b, idProduct=0003, bcdDevice= 5.15
Mar 10 12:12:35 LAPTOP-9LT9PO3M kernel: usb usb2: New USB device strings: Mfr=3, Product=2, SerialNumber=1
Mar 10 12:12:35 LAPTOP-9LT9PO3M kernel: usb usb2: Product: USB/IP Virtual Host Controller
Mar 10 12:12:35 LAPTOP-9LT9PO3M kernel: usb usb2: Manufacturer: Linux 5.15.167.4-microsoft-standard-WSL2 vhci_hcd
Mar 10 12:12:35 LAPTOP-9LT9PO3M kernel: usb usb2: SerialNumber: vhci_hcd.0
Mar 10 12:12:35 LAPTOP-9LT9PO3M kernel: hub 2-0:1.0: USB hub found
Mar 10 12:12:35 LAPTOP-9LT9PO3M kernel: hub 2-0:1.0: 8 ports detected
Mar 10 12:12:35 LAPTOP-9LT9PO3M kernel: hv_vmbus: registering driver hyperv_keyboard
Mar 10 12:12:35 LAPTOP-9LT9PO3M kernel: rtc_cmos 00:00: RTC can wake from S4
Mar 10 12:12:35 LAPTOP-9LT9PO3M kernel: rtc_cmos 00:00: registered as rtc0
Mar 10 12:12:35 LAPTOP-9LT9PO3M kernel: rtc_cmos 00:00: setting system clock to 2025-03-10T04:11:59 UTC (1741579919)
Mar 10 12:12:35 LAPTOP-9LT9PO3M kernel: rtc_cmos 00:00: alarms up to one month, 114 bytes nvram
Mar 10 12:12:35 LAPTOP-9LT9PO3M kernel: device-mapper: ioctl: 4.45.0-ioctl (2021-03-22) initialised: dm-devel@redhat.com
Mar 10 12:12:35 LAPTOP-9LT9PO3M kernel: device-mapper: raid: Loading target version 1.15.1
Mar 10 12:12:35 LAPTOP-9LT9PO3M kernel: hid: raw HID events driver (C) Jiri Kosina
Mar 10 12:12:35 LAPTOP-9LT9PO3M kernel: usbcore: registered new interface driver usbhid
Mar 10 12:12:35 LAPTOP-9LT9PO3M kernel: usbhid: USB HID core driver
Mar 10 12:12:35 LAPTOP-9LT9PO3M kernel: hv_utils: Registering HyperV Utility Driver
Mar 10 12:12:35 LAPTOP-9LT9PO3M kernel: hv_vmbus: registering driver hv_utils
Mar 10 12:12:35 LAPTOP-9LT9PO3M kernel: hv_vmbus: registering driver hv_balloon
Mar 10 12:12:35 LAPTOP-9LT9PO3M kernel: hv_utils: TimeSync IC version 4.0
Mar 10 12:12:35 LAPTOP-9LT9PO3M kernel: hv_vmbus: registering driver dxgkrnl
Mar 10 12:12:35 LAPTOP-9LT9PO3M kernel: hv_balloon: Using Dynamic Memory protocol version 2.0
Mar 10 12:12:35 LAPTOP-9LT9PO3M kernel: drop_monitor: Initializing network drop monitor service
Mar 10 12:12:35 LAPTOP-9LT9PO3M kernel: Mirror/redirect action on
Mar 10 12:12:35 LAPTOP-9LT9PO3M kernel: Free page reporting enabled
Mar 10 12:12:35 LAPTOP-9LT9PO3M kernel: u32 classifier
Mar 10 12:12:35 LAPTOP-9LT9PO3M kernel:     Performance counters on
Mar 10 12:12:35 LAPTOP-9LT9PO3M kernel:     input device check on
Mar 10 12:12:35 LAPTOP-9LT9PO3M kernel:     Actions configured
Mar 10 12:12:35 LAPTOP-9LT9PO3M kernel: hv_balloon: Cold memory discard hint enabled with order 9
Mar 10 12:12:35 LAPTOP-9LT9PO3M kernel: IPVS: Registered protocols (TCP, UDP)
Mar 10 12:12:35 LAPTOP-9LT9PO3M kernel: IPVS: Connection hash table configured (size=4096, memory=32Kbytes)
Mar 10 12:12:35 LAPTOP-9LT9PO3M kernel: IPVS: ipvs loaded.
Mar 10 12:12:35 LAPTOP-9LT9PO3M kernel: IPVS: [rr] scheduler registered.
Mar 10 12:12:35 LAPTOP-9LT9PO3M kernel: IPVS: [wrr] scheduler registered.
Mar 10 12:12:35 LAPTOP-9LT9PO3M kernel: IPVS: [sh] scheduler registered.
Mar 10 12:12:35 LAPTOP-9LT9PO3M kernel: ipt_CLUSTERIP: ClusterIP Version 0.8 loaded successfully
Mar 10 12:12:35 LAPTOP-9LT9PO3M kernel: Initializing XFRM netlink socket
Mar 10 12:12:35 LAPTOP-9LT9PO3M kernel: NET: Registered PF_INET6 protocol family
Mar 10 12:12:35 LAPTOP-9LT9PO3M kernel: Segment Routing with IPv6
Mar 10 12:12:35 LAPTOP-9LT9PO3M kernel: In-situ OAM (IOAM) with IPv6
Mar 10 12:12:35 LAPTOP-9LT9PO3M kernel: NET: Registered PF_PACKET protocol family
Mar 10 12:12:35 LAPTOP-9LT9PO3M kernel: [0;1;39m[0;1;31m[0;1;39mBridge firewalling registered[0m
Mar 10 12:12:35 LAPTOP-9LT9PO3M kernel: 8021q: 802.1Q VLAN Support v1.8
Mar 10 12:12:35 LAPTOP-9LT9PO3M kernel: sctp: Hash tables configured (bind 256/256)
Mar 10 12:12:35 LAPTOP-9LT9PO3M kernel: 9pnet: Installing 9P2000 support
Mar 10 12:12:35 LAPTOP-9LT9PO3M kernel: [0;1;39m[0;1;31m[0;1;39mKey type dns_resolver registered[0m
Mar 10 12:12:35 LAPTOP-9LT9PO3M kernel: [0;1;39m[0;1;31m[0;1;39mKey type ceph registered[0m
Mar 10 12:12:35 LAPTOP-9LT9PO3M kernel: libceph: loaded (mon/osd proto 15/24)
Mar 10 12:12:35 LAPTOP-9LT9PO3M kernel: NET: Registered PF_VSOCK protocol family
Mar 10 12:12:35 LAPTOP-9LT9PO3M kernel: hv_vmbus: registering driver hv_sock
Mar 10 12:12:35 LAPTOP-9LT9PO3M kernel: IPI shorthand broadcast: enabled
Mar 10 12:12:35 LAPTOP-9LT9PO3M kernel: sched_clock: Marking stable (935776900, 649700)->(975481500, -39054900)
Mar 10 12:12:35 LAPTOP-9LT9PO3M kernel: registered taskstats version 1
Mar 10 12:12:35 LAPTOP-9LT9PO3M kernel: [0;1;39m[0;1;31m[0;1;39mLoading compiled-in X.509 certificates[0m
Mar 10 12:12:35 LAPTOP-9LT9PO3M kernel: Btrfs loaded, crc32c=crc32c-generic, zoned=no, fsverity=no
Mar 10 12:12:35 LAPTOP-9LT9PO3M kernel: clk: Disabling unused clocks
Mar 10 12:12:35 LAPTOP-9LT9PO3M kernel: Freeing unused kernel image (initmem) memory: 2016K
Mar 10 12:12:35 LAPTOP-9LT9PO3M kernel: Write protecting the kernel read-only data: 30720k
Mar 10 12:12:35 LAPTOP-9LT9PO3M kernel: Freeing unused kernel image (text/rodata gap) memory: 2024K
Mar 10 12:12:35 LAPTOP-9LT9PO3M kernel: Freeing unused kernel image (rodata/data gap) memory: 572K
Mar 10 12:12:35 LAPTOP-9LT9PO3M kernel: Run /init as init process
Mar 10 12:12:35 LAPTOP-9LT9PO3M kernel: [0;38;5;245m[0;1;31m[0;38;5;245m  with arguments:[0m
Mar 10 12:12:35 LAPTOP-9LT9PO3M kernel: [0;38;5;245m[0;1;31m[0;38;5;245m    /init[0m
Mar 10 12:12:35 LAPTOP-9LT9PO3M kernel: [0;38;5;245m[0;1;31m[0;38;5;245m  with environment:[0m
Mar 10 12:12:35 LAPTOP-9LT9PO3M kernel: [0;38;5;245m[0;1;31m[0;38;5;245m    HOME=/[0m
Mar 10 12:12:35 LAPTOP-9LT9PO3M kernel: [0;38;5;245m[0;1;31m[0;38;5;245m    TERM=linux[0m
Mar 10 12:12:35 LAPTOP-9LT9PO3M kernel: [0;38;5;245m[0;1;31m[0;38;5;245m    WSL_ROOT_INIT=1[0m
Mar 10 12:12:35 LAPTOP-9LT9PO3M kernel: [0;38;5;245m[0;1;31m[0;38;5;245m    WSL_ENABLE_CRASH_DUMP=1[0m
Mar 10 12:12:35 LAPTOP-9LT9PO3M kernel: [0;1;39m[0;1;31m[0;1;39mscsi 0:0:0:0: Direct-Access     Msft     Virtual Disk     1.0  PQ: 0 ANSI: 5[0m
Mar 10 12:12:35 LAPTOP-9LT9PO3M kernel: [0;1;39m[0;1;31m[0;1;39msd 0:0:0:0: Attached scsi generic sg0 type 0[0m
Mar 10 12:12:35 LAPTOP-9LT9PO3M kernel: [0;1;39m[0;1;31m[0;1;39msd 0:0:0:0: [sda] 795504 512-byte logical blocks: (407 MB/388 MiB)[0m
Mar 10 12:12:35 LAPTOP-9LT9PO3M kernel: [0;1;39m[0;1;31m[0;1;39msd 0:0:0:0: [sda] Write Protect is on[0m
Mar 10 12:12:35 LAPTOP-9LT9PO3M kernel: [0;38;5;245m[0;1;31m[0;38;5;245msd 0:0:0:0: [sda] Mode Sense: 0f 00 80 00[0m
Mar 10 12:12:35 LAPTOP-9LT9PO3M kernel: [0;1;39m[0;1;31m[0;1;39msd 0:0:0:0: [sda] Write cache: disabled, read cache: enabled, doesn't support DPO or FUA[0m
Mar 10 12:12:35 LAPTOP-9LT9PO3M kernel: [0;1;39m[0;1;31m[0;1;39mscsi 0:0:0:1: Direct-Access     Msft     Virtual Disk     1.0  PQ: 0 ANSI: 5[0m
Mar 10 12:12:35 LAPTOP-9LT9PO3M kernel: [0;1;39m[0;1;31m[0;1;39msd 0:0:0:0: [sda] Attached SCSI disk[0m
Mar 10 12:12:35 LAPTOP-9LT9PO3M kernel: [0;1;39m[0;1;31m[0;1;39msd 0:0:0:1: Attached scsi generic sg1 type 0[0m
Mar 10 12:12:35 LAPTOP-9LT9PO3M kernel: [0;1;39m[0;1;31m[0;1;39msd 0:0:0:1: [sdb] 4194312 512-byte logical blocks: (2.15 GB/2.00 GiB)[0m
Mar 10 12:12:35 LAPTOP-9LT9PO3M kernel: [0;1;39m[0;1;31m[0;1;39msd 0:0:0:1: [sdb] 4096-byte physical blocks[0m
Mar 10 12:12:35 LAPTOP-9LT9PO3M kernel: [0;1;39m[0;1;31m[0;1;39msd 0:0:0:1: [sdb] Write Protect is off[0m
Mar 10 12:12:35 LAPTOP-9LT9PO3M kernel: [0;38;5;245m[0;1;31m[0;38;5;245msd 0:0:0:1: [sdb] Mode Sense: 0f 00 00 00[0m
Mar 10 12:12:35 LAPTOP-9LT9PO3M kernel: [0;1;39m[0;1;31m[0;1;39msd 0:0:0:1: [sdb] Write cache: enabled, read cache: enabled, doesn't support DPO or FUA[0m
Mar 10 12:12:35 LAPTOP-9LT9PO3M kernel: [0;1;39m[0;1;31m[0;1;39msd 0:0:0:1: [sdb] Attached SCSI disk[0m
Mar 10 12:12:35 LAPTOP-9LT9PO3M kernel: EXT4-fs (sda): mounted filesystem without journal. Opts: (null). Quota mode: none.
Mar 10 12:12:35 LAPTOP-9LT9PO3M kernel: Adding 2097152k swap on /dev/sdb.  Priority:-2 extents:1 across:2097152k 
Mar 10 12:12:35 LAPTOP-9LT9PO3M kernel: IPv6: ADDRCONF(NETDEV_CHANGE): eth0: link becomes ready
Mar 10 12:12:35 LAPTOP-9LT9PO3M kernel: clocksource: tsc: mask: 0xffffffffffffffff max_cycles: 0x1e36749a135, max_idle_ns: 440795280167 ns
Mar 10 12:12:35 LAPTOP-9LT9PO3M kernel: clocksource: Switched to clocksource tsc
Mar 10 12:12:35 LAPTOP-9LT9PO3M kernel: hv_pci c642b05b-a59a-473b-a4e1-63021f8e67e9: PCI VMBus probing: Using version 0x10004
Mar 10 12:12:35 LAPTOP-9LT9PO3M kernel: hv_pci c642b05b-a59a-473b-a4e1-63021f8e67e9: PCI host bridge to bus a59a:00
Mar 10 12:12:35 LAPTOP-9LT9PO3M kernel: pci_bus a59a:00: root bus resource [mem 0xc00000000-0xe00001fff window]
Mar 10 12:12:35 LAPTOP-9LT9PO3M kernel: pci_bus a59a:00: No busn resource found for root bus, will use [bus 00-ff]
Mar 10 12:12:35 LAPTOP-9LT9PO3M kernel: pci a59a:00:00.0: [1af4:105a] type 00 class 0x088000
Mar 10 12:12:35 LAPTOP-9LT9PO3M kernel: pci a59a:00:00.0: reg 0x10: [mem 0xe00000000-0xe00000fff 64bit]
Mar 10 12:12:35 LAPTOP-9LT9PO3M kernel: pci a59a:00:00.0: reg 0x18: [mem 0xe00001000-0xe00001fff 64bit]
Mar 10 12:12:35 LAPTOP-9LT9PO3M kernel: pci a59a:00:00.0: reg 0x20: [mem 0xc00000000-0xdffffffff 64bit]
Mar 10 12:12:35 LAPTOP-9LT9PO3M kernel: pci_bus a59a:00: busn_res: [bus 00-ff] end is updated to 00
Mar 10 12:12:35 LAPTOP-9LT9PO3M kernel: pci a59a:00:00.0: BAR 4: assigned [mem 0xc00000000-0xdffffffff 64bit]
Mar 10 12:12:35 LAPTOP-9LT9PO3M kernel: pci a59a:00:00.0: BAR 0: assigned [mem 0xe00000000-0xe00000fff 64bit]
Mar 10 12:12:35 LAPTOP-9LT9PO3M kernel: pci a59a:00:00.0: BAR 2: assigned [mem 0xe00001000-0xe00001fff 64bit]
Mar 10 12:12:35 LAPTOP-9LT9PO3M kernel: [0;1;39m[0;1;31m[0;1;39mvirtiofs virtio1: Cache len: 0x200000000 @ 0xc00000000[0m
Mar 10 12:12:35 LAPTOP-9LT9PO3M kernel: memmap_init_zone_device initialised 2097152 pages in 140ms
Mar 10 12:12:35 LAPTOP-9LT9PO3M kernel: [0;1;31m[0;1;39m[0;1;31mFS-Cache: Duplicate cookie detected[0m
Mar 10 12:12:35 LAPTOP-9LT9PO3M kernel: [0;1;31m[0;1;39m[0;1;31mFS-Cache: O-cookie c=00000005 [p=00000002 fl=222 nc=0 na=1][0m
Mar 10 12:12:35 LAPTOP-9LT9PO3M kernel: [0;1;31m[0;1;39m[0;1;31mFS-Cache: O-cookie d=00000000cd1bccc3{9P.session} n=000000005c90fe28[0m
Mar 10 12:12:35 LAPTOP-9LT9PO3M kernel: [0;1;31m[0;1;39m[0;1;31mFS-Cache: O-key=[10] '34323934393337343733'[0m
Mar 10 12:12:35 LAPTOP-9LT9PO3M kernel: [0;1;31m[0;1;39m[0;1;31mFS-Cache: N-cookie c=00000006 [p=00000002 fl=2 nc=0 na=1][0m
Mar 10 12:12:35 LAPTOP-9LT9PO3M kernel: [0;1;31m[0;1;39m[0;1;31mFS-Cache: N-cookie d=00000000cd1bccc3{9P.session} n=000000001095cb81[0m
Mar 10 12:12:35 LAPTOP-9LT9PO3M kernel: [0;1;31m[0;1;39m[0;1;31mFS-Cache: N-key=[10] '34323934393337343733'[0m
Mar 10 12:12:35 LAPTOP-9LT9PO3M kernel: [0;1;39m[0;1;31m[0;1;39mscsi 0:0:0:2: Direct-Access     Msft     Virtual Disk     1.0  PQ: 0 ANSI: 5[0m
Mar 10 12:12:35 LAPTOP-9LT9PO3M kernel: [0;1;39m[0;1;31m[0;1;39msd 0:0:0:2: Attached scsi generic sg2 type 0[0m
Mar 10 12:12:35 LAPTOP-9LT9PO3M kernel: [0;1;39m[0;1;31m[0;1;39msd 0:0:0:2: [sdc] 2147483648 512-byte logical blocks: (1.10 TB/1.00 TiB)[0m
Mar 10 12:12:35 LAPTOP-9LT9PO3M kernel: [0;1;39m[0;1;31m[0;1;39msd 0:0:0:2: [sdc] 4096-byte physical blocks[0m
Mar 10 12:12:35 LAPTOP-9LT9PO3M kernel: [0;1;39m[0;1;31m[0;1;39msd 0:0:0:2: [sdc] Write Protect is off[0m
Mar 10 12:12:35 LAPTOP-9LT9PO3M kernel: [0;38;5;245m[0;1;31m[0;38;5;245msd 0:0:0:2: [sdc] Mode Sense: 0f 00 00 00[0m
Mar 10 12:12:35 LAPTOP-9LT9PO3M kernel: [0;1;39m[0;1;31m[0;1;39msd 0:0:0:2: [sdc] Write cache: enabled, read cache: enabled, doesn't support DPO or FUA[0m
Mar 10 12:12:35 LAPTOP-9LT9PO3M kernel: [0;1;39m[0;1;31m[0;1;39msd 0:0:0:2: [sdc] Attached SCSI disk[0m
Mar 10 12:12:35 LAPTOP-9LT9PO3M kernel: EXT4-fs (sdc): mounted filesystem with ordered data mode. Opts: discard,errors=remount-ro,data=ordered. Quota mode: none.
Mar 10 12:12:35 LAPTOP-9LT9PO3M kernel: [0;1;31m[0;1;39m[0;1;31mmisc dxg: dxgk: dxgkio_is_feature_enabled: Ioctl failed: -22[0m
Mar 10 12:12:35 LAPTOP-9LT9PO3M kernel: [0;1;31m[0;1;39m[0;1;31mmisc dxg: dxgk: dxgkio_query_adapter_info: Ioctl failed: -22[0m
Mar 10 12:12:35 LAPTOP-9LT9PO3M kernel: [0;1;31m[0;1;39m[0;1;31mmisc dxg: dxgk: dxgkio_query_adapter_info: Ioctl failed: -22[0m
Mar 10 12:12:35 LAPTOP-9LT9PO3M kernel: [0;1;31m[0;1;39m[0;1;31mmisc dxg: dxgk: dxgkio_query_adapter_info: Ioctl failed: -22[0m
Mar 10 12:12:35 LAPTOP-9LT9PO3M kernel: [0;1;31m[0;1;39m[0;1;31mmisc dxg: dxgk: dxgkio_query_adapter_info: Ioctl failed: -2[0m
Mar 10 12:12:35 LAPTOP-9LT9PO3M unknown: [0;1;31m[0;1;39m[0;1;31mWSL (182) ERROR: CheckConnection: getaddrinfo() failed: -5[0m
Mar 10 12:12:35 LAPTOP-9LT9PO3M Exception: 
Mar 10 12:12:35 LAPTOP-9LT9PO3M unknown: [0;1;31m[0;1;39m[0;1;31mOperation canceled @p9io.cpp:258 (AcceptAsync)[0m
Mar 10 12:12:35 LAPTOP-9LT9PO3M unknown: 
Mar 10 12:12:35 LAPTOP-9LT9PO3M kernel: EXT4-fs (sdc): mounted filesystem with ordered data mode. Opts: discard,errors=remount-ro,data=ordered. Quota mode: none.
Mar 10 12:12:35 LAPTOP-9LT9PO3M kernel: [0;1;31m[0;1;39m[0;1;31mmisc dxg: dxgk: dxgkio_is_feature_enabled: Ioctl failed: -22[0m
Mar 10 12:12:35 LAPTOP-9LT9PO3M kernel: [0;1;31m[0;1;39m[0;1;31mmisc dxg: dxgk: dxgkio_query_adapter_info: Ioctl failed: -22[0m
Mar 10 12:12:35 LAPTOP-9LT9PO3M kernel: [0;1;31m[0;1;39m[0;1;31mmisc dxg: dxgk: dxgkio_query_adapter_info: Ioctl failed: -22[0m
Mar 10 12:12:35 LAPTOP-9LT9PO3M kernel: [0;1;31m[0;1;39m[0;1;31mmisc dxg: dxgk: dxgkio_query_adapter_info: Ioctl failed: -22[0m
Mar 10 12:12:35 LAPTOP-9LT9PO3M kernel: [0;1;31m[0;1;39m[0;1;31mmisc dxg: dxgk: dxgkio_query_adapter_info: Ioctl failed: -2[0m
Mar 10 12:12:35 LAPTOP-9LT9PO3M unknown: [0;1;31m[0;1;39m[0;1;31mFailed to connect to bus: No such file or directory[0m
Mar 10 12:12:35 LAPTOP-9LT9PO3M systemd-journald[63]: Journal started
-- Subject: The journal has been started
-- Defined-By: systemd
-- Support: http://www.ubuntu.com/support
-- 
-- The system journal process has started up, opened the journal
-- files for writing and is now ready to process requests.
Mar 10 12:12:35 LAPTOP-9LT9PO3M systemd-journald[63]: Runtime Journal (/run/log/journal/5a86e709374c4ce792ab18956cd57f59) is 8.0M, max 342.9M, 334.9M free.
-- Subject: Disk space used by the journal
-- Defined-By: systemd
-- Support: http://www.ubuntu.com/support
-- 
-- Runtime Journal (/run/log/journal/5a86e709374c4ce792ab18956cd57f59) is currently using 8.0M.
-- Maximum allowed usage is set to 342.9M.
-- Leaving at least 171.4M free (of currently available 3.3G of disk space).
-- Enforced usage limit is thus 342.9M, of which 334.9M are still available.
-- 
-- The limits controlling how much disk space is used by the journal may
-- be configured with SystemMaxUse=, SystemKeepFree=, SystemMaxFileSize=,
-- RuntimeMaxUse=, RuntimeKeepFree=, RuntimeMaxFileSize= settings in
-- /etc/systemd/journald.conf. See journald.conf(5) for details.
Mar 10 12:12:35 LAPTOP-9LT9PO3M systemd-sysctl[80]: Couldn't write '176' to 'kernel/sysrq', ignoring: No such file or directory
Mar 10 12:12:35 LAPTOP-9LT9PO3M systemd-sysctl[80]: Couldn't write '1' to 'kernel/yama/ptrace_scope', ignoring: No such file or directory
Mar 10 12:12:35 LAPTOP-9LT9PO3M systemd-sysctl[80]: Not setting net/ipv4/conf/all/promote_secondaries (explicit setting exists).
Mar 10 12:12:35 LAPTOP-9LT9PO3M systemd-sysctl[80]: Not setting net/ipv4/conf/default/promote_secondaries (explicit setting exists).
Mar 10 12:12:35 LAPTOP-9LT9PO3M systemd[1]: Starting Flush Journal to Persistent Storage...
-- Subject: A start job for unit systemd-journal-flush.service has begun execution
-- Defined-By: systemd
-- Support: http://www.ubuntu.com/support
-- 
-- A start job for unit systemd-journal-flush.service has begun execution.
-- 
-- The job identifier is 71.
Mar 10 12:12:35 LAPTOP-9LT9PO3M systemd[1]: Finished Create System Users.
-- Subject: A start job for unit systemd-sysusers.service has finished successfully
-- Defined-By: systemd
-- Support: http://www.ubuntu.com/support
-- 
-- A start job for unit systemd-sysusers.service has finished successfully.
-- 
-- The job identifier is 55.
Mar 10 12:12:35 LAPTOP-9LT9PO3M systemd-journald[63]: Time spent on flushing to /var/log/journal/5a86e709374c4ce792ab18956cd57f59 is 7.097ms for 441 entries.
Mar 10 12:12:35 LAPTOP-9LT9PO3M systemd-journald[63]: System Journal (/var/log/journal/5a86e709374c4ce792ab18956cd57f59) is 56.0M, max 4.0G, 3.9G free.
-- Subject: Disk space used by the journal
-- Defined-By: systemd
-- Support: http://www.ubuntu.com/support
-- 
-- System Journal (/var/log/journal/5a86e709374c4ce792ab18956cd57f59) is currently using 56.0M.
-- Maximum allowed usage is set to 4.0G.
-- Leaving at least 4.0G free (of currently available 951.9G of disk space).
-- Enforced usage limit is thus 4.0G, of which 3.9G are still available.
-- 
-- The limits controlling how much disk space is used by the journal may
-- be configured with SystemMaxUse=, SystemKeepFree=, SystemMaxFileSize=,
-- RuntimeMaxUse=, RuntimeKeepFree=, RuntimeMaxFileSize= settings in
-- /etc/systemd/journald.conf. See journald.conf(5) for details.
Mar 10 12:12:35 LAPTOP-9LT9PO3M systemd[1]: Starting Create Static Device Nodes in /dev...
-- Subject: A start job for unit systemd-tmpfiles-setup-dev.service has begun execution
-- Defined-By: systemd
-- Support: http://www.ubuntu.com/support
-- 
-- A start job for unit systemd-tmpfiles-setup-dev.service has begun execution.
-- 
-- The job identifier is 18.
Mar 10 12:12:35 LAPTOP-9LT9PO3M systemd[1]: Finished Create Static Device Nodes in /dev.
-- Subject: A start job for unit systemd-tmpfiles-setup-dev.service has finished successfully
-- Defined-By: systemd
-- Support: http://www.ubuntu.com/support
-- 
-- A start job for unit systemd-tmpfiles-setup-dev.service has finished successfully.
-- 
-- The job identifier is 18.
Mar 10 12:12:35 LAPTOP-9LT9PO3M systemd[1]: Starting udev Kernel Device Manager...
-- Subject: A start job for unit systemd-udevd.service has begun execution
-- Defined-By: systemd
-- Support: http://www.ubuntu.com/support
-- 
-- A start job for unit systemd-udevd.service has begun execution.
-- 
-- The job identifier is 15.
Mar 10 12:12:35 LAPTOP-9LT9PO3M systemd[1]: Finished udev Coldplug all Devices.
-- Subject: A start job for unit systemd-udev-trigger.service has finished successfully
-- Defined-By: systemd
-- Support: http://www.ubuntu.com/support
-- 
-- A start job for unit systemd-udev-trigger.service has finished successfully.
-- 
-- The job identifier is 14.
Mar 10 12:12:36 LAPTOP-9LT9PO3M systemd[1]: Starting udev Wait for Complete Device Initialization...
-- Subject: A start job for unit systemd-udev-settle.service has begun execution
-- Defined-By: systemd
-- Support: http://www.ubuntu.com/support
-- 
-- A start job for unit systemd-udev-settle.service has begun execution.
-- 
-- The job identifier is 30.
Mar 10 12:12:36 LAPTOP-9LT9PO3M systemd[1]: Finished Flush Journal to Persistent Storage.
-- Subject: A start job for unit systemd-journal-flush.service has finished successfully
-- Defined-By: systemd
-- Support: http://www.ubuntu.com/support
-- 
-- A start job for unit systemd-journal-flush.service has finished successfully.
-- 
-- The job identifier is 71.
Mar 10 12:12:36 LAPTOP-9LT9PO3M systemd[1]: Started udev Kernel Device Manager.
-- Subject: A start job for unit systemd-udevd.service has finished successfully
-- Defined-By: systemd
-- Support: http://www.ubuntu.com/support
-- 
-- A start job for unit systemd-udevd.service has finished successfully.
-- 
-- The job identifier is 15.
Mar 10 12:12:36 LAPTOP-9LT9PO3M systemd[1]: Condition check resulted in Show Plymouth Boot Screen being skipped.
-- Subject: A start job for unit plymouth-start.service has finished successfully
-- Defined-By: systemd
-- Support: http://www.ubuntu.com/support
-- 
-- A start job for unit plymouth-start.service has finished successfully.
-- 
-- The job identifier is 72.
Mar 10 12:12:36 LAPTOP-9LT9PO3M systemd[1]: Started Dispatch Password Requests to Console Directory Watch.
-- Subject: A start job for unit systemd-ask-password-console.path has finished successfully
-- Defined-By: systemd
-- Support: http://www.ubuntu.com/support
-- 
-- A start job for unit systemd-ask-password-console.path has finished successfully.
-- 
-- The job identifier is 9.
Mar 10 12:12:36 LAPTOP-9LT9PO3M systemd[1]: Condition check resulted in Forward Password Requests to Plymouth Directory Watch being skipped.
-- Subject: A start job for unit systemd-ask-password-plymouth.path has finished successfully
-- Defined-By: systemd
-- Support: http://www.ubuntu.com/support
-- 
-- A start job for unit systemd-ask-password-plymouth.path has finished successfully.
-- 
-- The job identifier is 73.
Mar 10 12:12:36 LAPTOP-9LT9PO3M systemd[1]: Reached target Local Encrypted Volumes.
-- Subject: A start job for unit cryptsetup.target has finished successfully
-- Defined-By: systemd
-- Support: http://www.ubuntu.com/support
-- 
-- A start job for unit cryptsetup.target has finished successfully.
-- 
-- The job identifier is 13.
Mar 10 12:12:36 LAPTOP-9LT9PO3M systemd[1]: Starting Network Service...
-- Subject: A start job for unit systemd-networkd.service has begun execution
-- Defined-By: systemd
-- Support: http://www.ubuntu.com/support
-- 
-- A start job for unit systemd-networkd.service has begun execution.
-- 
-- The job identifier is 64.
Mar 10 12:12:36 LAPTOP-9LT9PO3M systemd-udevd[106]: Using default interface naming scheme 'v245'.
Mar 10 12:12:36 LAPTOP-9LT9PO3M systemd-udevd[106]: ethtool: autonegotiation is unset or enabled, the speed and duplex are not writable.
Mar 10 12:12:36 LAPTOP-9LT9PO3M systemd-udevd[97]: ethtool: autonegotiation is unset or enabled, the speed and duplex are not writable.
Mar 10 12:12:36 LAPTOP-9LT9PO3M systemd-networkd[91]: eth0: Gained IPv6LL
Mar 10 12:12:36 LAPTOP-9LT9PO3M systemd-networkd[91]: Enumeration completed
Mar 10 12:12:36 LAPTOP-9LT9PO3M systemd[1]: Started Network Service.
-- Subject: A start job for unit systemd-networkd.service has finished successfully
-- Defined-By: systemd
-- Support: http://www.ubuntu.com/support
-- 
-- A start job for unit systemd-networkd.service has finished successfully.
-- 
-- The job identifier is 64.
Mar 10 12:12:36 LAPTOP-9LT9PO3M systemd[1]: Starting Wait for Network to be Configured...
-- Subject: A start job for unit systemd-networkd-wait-online.service has begun execution
-- Defined-By: systemd
-- Support: http://www.ubuntu.com/support
-- 
-- A start job for unit systemd-networkd-wait-online.service has begun execution.
-- 
-- The job identifier is 63.
Mar 10 12:12:36 LAPTOP-9LT9PO3M udevadm[88]: systemd-udev-settle.service is deprecated.
Mar 10 12:12:36 LAPTOP-9LT9PO3M systemd[1]: Finished Wait for Network to be Configured.
-- Subject: A start job for unit systemd-networkd-wait-online.service has finished successfully
-- Defined-By: systemd
-- Support: http://www.ubuntu.com/support
-- 
-- A start job for unit systemd-networkd-wait-online.service has finished successfully.
-- 
-- The job identifier is 63.
Mar 10 12:12:36 LAPTOP-9LT9PO3M systemd[1]: Finished udev Wait for Complete Device Initialization.
-- Subject: A start job for unit systemd-udev-settle.service has finished successfully
-- Defined-By: systemd
-- Support: http://www.ubuntu.com/support
-- 
-- A start job for unit systemd-udev-settle.service has finished successfully.
-- 
-- The job identifier is 30.
Mar 10 12:12:36 LAPTOP-9LT9PO3M systemd[1]: Condition check resulted in Device-Mapper Multipath Device Controller being skipped.
-- Subject: A start job for unit multipathd.service has finished successfully
-- Defined-By: systemd
-- Support: http://www.ubuntu.com/support
-- 
-- A start job for unit multipathd.service has finished successfully.
-- 
-- The job identifier is 29.
Mar 10 12:12:36 LAPTOP-9LT9PO3M systemd[1]: Reached target Local File Systems (Pre).
-- Subject: A start job for unit local-fs-pre.target has finished successfully
-- Defined-By: systemd
-- Support: http://www.ubuntu.com/support
-- 
-- A start job for unit local-fs-pre.target has finished successfully.
-- 
-- The job identifier is 44.
Mar 10 12:12:36 LAPTOP-9LT9PO3M systemd[1]: [0;1;39m[0;1;31m[0;1;39msnap.mount: Directory /snap to mount over is not empty, mounting anyway.[0m
-- Subject: Mount point is not empty
-- Defined-By: systemd
-- Support: http://www.ubuntu.com/support
-- 
-- The directory /snap is specified as the mount point (second field in
-- /etc/fstab or Where= field in systemd unit file) and is not empty.
-- This does not interfere with mounting, but the pre-exisiting files in
-- this directory become inaccessible. To see those over-mounted files,
-- please manually mount the underlying file system to a secondary
-- location.
Mar 10 12:12:36 LAPTOP-9LT9PO3M systemd[1]: Mounting Ensure that the snap directory shares mount events....
-- Subject: A start job for unit snap.mount has begun execution
-- Defined-By: systemd
-- Support: http://www.ubuntu.com/support
-- 
-- A start job for unit snap.mount has begun execution.
-- 
-- The job identifier is 78.
Mar 10 12:12:36 LAPTOP-9LT9PO3M systemd[1]: Mounted Ensure that the snap directory shares mount events..
-- Subject: A start job for unit snap.mount has finished successfully
-- Defined-By: systemd
-- Support: http://www.ubuntu.com/support
-- 
-- A start job for unit snap.mount has finished successfully.
-- 
-- The job identifier is 78.
Mar 10 12:12:36 LAPTOP-9LT9PO3M systemd[1]: Mounting Mount unit for core20, revision 1891...
-- Subject: A start job for unit snap-core20-1891.mount has begun execution
-- Defined-By: systemd
-- Support: http://www.ubuntu.com/support
-- 
-- A start job for unit snap-core20-1891.mount has begun execution.
-- 
-- The job identifier is 113.
Mar 10 12:12:36 LAPTOP-9LT9PO3M systemd[1]: Mounting Mount unit for lxd, revision 24061...
-- Subject: A start job for unit snap-lxd-24061.mount has begun execution
-- Defined-By: systemd
-- Support: http://www.ubuntu.com/support
-- 
-- A start job for unit snap-lxd-24061.mount has begun execution.
-- 
-- The job identifier is 77.
Mar 10 12:12:36 LAPTOP-9LT9PO3M systemd[1]: Mounting Mount unit for snapd, revision 19122...
-- Subject: A start job for unit snap-snapd-19122.mount has begun execution
-- Defined-By: systemd
-- Support: http://www.ubuntu.com/support
-- 
-- A start job for unit snap-snapd-19122.mount has begun execution.
-- 
-- The job identifier is 112.
Mar 10 12:12:36 LAPTOP-9LT9PO3M systemd[1]: Mounted Mount unit for core20, revision 1891.
-- Subject: A start job for unit snap-core20-1891.mount has finished successfully
-- Defined-By: systemd
-- Support: http://www.ubuntu.com/support
-- 
-- A start job for unit snap-core20-1891.mount has finished successfully.
-- 
-- The job identifier is 113.
Mar 10 12:12:36 LAPTOP-9LT9PO3M systemd[1]: Mounted Mount unit for lxd, revision 24061.
-- Subject: A start job for unit snap-lxd-24061.mount has finished successfully
-- Defined-By: systemd
-- Support: http://www.ubuntu.com/support
-- 
-- A start job for unit snap-lxd-24061.mount has finished successfully.
-- 
-- The job identifier is 77.
Mar 10 12:12:36 LAPTOP-9LT9PO3M systemd[1]: Mounted Mount unit for snapd, revision 19122.
-- Subject: A start job for unit snap-snapd-19122.mount has finished successfully
-- Defined-By: systemd
-- Support: http://www.ubuntu.com/support
-- 
-- A start job for unit snap-snapd-19122.mount has finished successfully.
-- 
-- The job identifier is 112.
Mar 10 12:12:36 LAPTOP-9LT9PO3M systemd[1]: Reached target Mounted snaps.
-- Subject: A start job for unit snapd.mounts.target has finished successfully
-- Defined-By: systemd
-- Support: http://www.ubuntu.com/support
-- 
-- A start job for unit snapd.mounts.target has finished successfully.
-- 
-- The job identifier is 110.
Mar 10 12:12:36 LAPTOP-9LT9PO3M systemd[1]: Reached target Local File Systems.
-- Subject: A start job for unit local-fs.target has finished successfully
-- Defined-By: systemd
-- Support: http://www.ubuntu.com/support
-- 
-- A start job for unit local-fs.target has finished successfully.
-- 
-- The job identifier is 42.
Mar 10 12:12:36 LAPTOP-9LT9PO3M systemd[1]: Condition check resulted in Load AppArmor profiles being skipped.
-- Subject: A start job for unit apparmor.service has finished successfully
-- Defined-By: systemd
-- Support: http://www.ubuntu.com/support
-- 
-- A start job for unit apparmor.service has finished successfully.
-- 
-- The job identifier is 21.
Mar 10 12:12:36 LAPTOP-9LT9PO3M systemd[1]: Starting Set console font and keymap...
-- Subject: A start job for unit console-setup.service has begun execution
-- Defined-By: systemd
-- Support: http://www.ubuntu.com/support
-- 
-- A start job for unit console-setup.service has begun execution.
-- 
-- The job identifier is 114.
Mar 10 12:12:36 LAPTOP-9LT9PO3M systemd[1]: Starting Create final runtime dir for shutdown pivot root...
-- Subject: A start job for unit finalrd.service has begun execution
-- Defined-By: systemd
-- Support: http://www.ubuntu.com/support
-- 
-- A start job for unit finalrd.service has begun execution.
-- 
-- The job identifier is 41.
Mar 10 12:12:36 LAPTOP-9LT9PO3M systemd[1]: Condition check resulted in LXD - agent - 9p mount being skipped.
-- Subject: A start job for unit lxd-agent-9p.service has finished successfully
-- Defined-By: systemd
-- Support: http://www.ubuntu.com/support
-- 
-- A start job for unit lxd-agent-9p.service has finished successfully.
-- 
-- The job identifier is 154.
Mar 10 12:12:36 LAPTOP-9LT9PO3M systemd[1]: Condition check resulted in LXD - agent being skipped.
-- Subject: A start job for unit lxd-agent.service has finished successfully
-- Defined-By: systemd
-- Support: http://www.ubuntu.com/support
-- 
-- A start job for unit lxd-agent.service has finished successfully.
-- 
-- The job identifier is 153.
Mar 10 12:12:36 LAPTOP-9LT9PO3M systemd[1]: Starting Tell Plymouth To Write Out Runtime Data...
-- Subject: A start job for unit plymouth-read-write.service has begun execution
-- Defined-By: systemd
-- Support: http://www.ubuntu.com/support
-- 
-- A start job for unit plymouth-read-write.service has begun execution.
-- 
-- The job identifier is 68.
Mar 10 12:12:36 LAPTOP-9LT9PO3M systemd[1]: Condition check resulted in Load AppArmor profiles managed internally by snapd being skipped.
-- Subject: A start job for unit snapd.apparmor.service has finished successfully
-- Defined-By: systemd
-- Support: http://www.ubuntu.com/support
-- 
-- A start job for unit snapd.apparmor.service has finished successfully.
-- 
-- The job identifier is 146.
Mar 10 12:12:36 LAPTOP-9LT9PO3M systemd[1]: Condition check resulted in Store a System Token in an EFI Variable being skipped.
-- Subject: A start job for unit systemd-boot-system-token.service has finished successfully
-- Defined-By: systemd
-- Support: http://www.ubuntu.com/support
-- 
-- A start job for unit systemd-boot-system-token.service has finished successfully.
-- 
-- The job identifier is 57.
Mar 10 12:12:36 LAPTOP-9LT9PO3M systemd[1]: Condition check resulted in Commit a transient machine-id on disk being skipped.
-- Subject: A start job for unit systemd-machine-id-commit.service has finished successfully
-- Defined-By: systemd
-- Support: http://www.ubuntu.com/support
-- 
-- A start job for unit systemd-machine-id-commit.service has finished successfully.
-- 
-- The job identifier is 48.
Mar 10 12:12:36 LAPTOP-9LT9PO3M systemd[1]: Starting Create Volatile Files and Directories...
-- Subject: A start job for unit systemd-tmpfiles-setup.service has begun execution
-- Defined-By: systemd
-- Support: http://www.ubuntu.com/support
-- 
-- A start job for unit systemd-tmpfiles-setup.service has begun execution.
-- 
-- The job identifier is 12.
Mar 10 12:12:36 LAPTOP-9LT9PO3M systemd[1]: Finished Set console font and keymap.
-- Subject: A start job for unit console-setup.service has finished successfully
-- Defined-By: systemd
-- Support: http://www.ubuntu.com/support
-- 
-- A start job for unit console-setup.service has finished successfully.
-- 
-- The job identifier is 114.
Mar 10 12:12:36 LAPTOP-9LT9PO3M systemd[1]: Finished Create final runtime dir for shutdown pivot root.
-- Subject: A start job for unit finalrd.service has finished successfully
-- Defined-By: systemd
-- Support: http://www.ubuntu.com/support
-- 
-- A start job for unit finalrd.service has finished successfully.
-- 
-- The job identifier is 41.
Mar 10 12:12:36 LAPTOP-9LT9PO3M systemd[1]: plymouth-read-write.service: Succeeded.
-- Subject: Unit succeeded
-- Defined-By: systemd
-- Support: http://www.ubuntu.com/support
-- 
-- The unit plymouth-read-write.service has successfully entered the 'dead' state.
Mar 10 12:12:36 LAPTOP-9LT9PO3M systemd[1]: Finished Tell Plymouth To Write Out Runtime Data.
-- Subject: A start job for unit plymouth-read-write.service has finished successfully
-- Defined-By: systemd
-- Support: http://www.ubuntu.com/support
-- 
-- A start job for unit plymouth-read-write.service has finished successfully.
-- 
-- The job identifier is 68.
Mar 10 12:12:36 LAPTOP-9LT9PO3M systemd-tmpfiles[281]: [0;1;31m[0;1;39m[0;1;31mrm_rf(/tmp/.X11-unix): Operation not permitted[0m
Mar 10 12:12:36 LAPTOP-9LT9PO3M systemd-tmpfiles[281]: [0;1;31m[0;1;39m[0;1;31mfchmod() of /tmp/.X11-unix failed: Read-only file system[0m
Mar 10 12:12:36 LAPTOP-9LT9PO3M systemd[1]: Finished Create Volatile Files and Directories.
-- Subject: A start job for unit systemd-tmpfiles-setup.service has finished successfully
-- Defined-By: systemd
-- Support: http://www.ubuntu.com/support
-- 
-- A start job for unit systemd-tmpfiles-setup.service has finished successfully.
-- 
-- The job identifier is 12.
Mar 10 12:12:36 LAPTOP-9LT9PO3M systemd[1]: Starting Network Name Resolution...
-- Subject: A start job for unit systemd-resolved.service has begun execution
-- Defined-By: systemd
-- Support: http://www.ubuntu.com/support
-- 
-- A start job for unit systemd-resolved.service has begun execution.
-- 
-- The job identifier is 103.
Mar 10 12:12:36 LAPTOP-9LT9PO3M systemd[1]: Condition check resulted in Network Time Synchronization being skipped.
-- Subject: A start job for unit systemd-timesyncd.service has finished successfully
-- Defined-By: systemd
-- Support: http://www.ubuntu.com/support
-- 
-- A start job for unit systemd-timesyncd.service has finished successfully.
-- 
-- The job identifier is 25.
Mar 10 12:12:36 LAPTOP-9LT9PO3M systemd[1]: Reached target System Time Set.
-- Subject: A start job for unit time-set.target has finished successfully
-- Defined-By: systemd
-- Support: http://www.ubuntu.com/support
-- 
-- A start job for unit time-set.target has finished successfully.
-- 
-- The job identifier is 26.
Mar 10 12:12:36 LAPTOP-9LT9PO3M systemd[1]: Reached target System Time Synchronized.
-- Subject: A start job for unit time-sync.target has finished successfully
-- Defined-By: systemd
-- Support: http://www.ubuntu.com/support
-- 
-- A start job for unit time-sync.target has finished successfully.
-- 
-- The job identifier is 27.
Mar 10 12:12:36 LAPTOP-9LT9PO3M systemd[1]: Starting Update UTMP about System Boot/Shutdown...
-- Subject: A start job for unit systemd-update-utmp.service has begun execution
-- Defined-By: systemd
-- Support: http://www.ubuntu.com/support
-- 
-- A start job for unit systemd-update-utmp.service has begun execution.
-- 
-- The job identifier is 138.
Mar 10 12:12:36 LAPTOP-9LT9PO3M systemd[1]: Condition check resulted in Authentication service for virtual machines hosted on VMware being skipped.
-- Subject: A start job for unit vgauth.service has finished successfully
-- Defined-By: systemd
-- Support: http://www.ubuntu.com/support
-- 
-- A start job for unit vgauth.service has finished successfully.
-- 
-- The job identifier is 142.
Mar 10 12:12:36 LAPTOP-9LT9PO3M systemd[1]: Condition check resulted in Service for virtual machines hosted on VMware being skipped.
-- Subject: A start job for unit open-vm-tools.service has finished successfully
-- Defined-By: systemd
-- Support: http://www.ubuntu.com/support
-- 
-- A start job for unit open-vm-tools.service has finished successfully.
-- 
-- The job identifier is 141.
Mar 10 12:12:36 LAPTOP-9LT9PO3M systemd[1]: Finished Update UTMP about System Boot/Shutdown.
-- Subject: A start job for unit systemd-update-utmp.service has finished successfully
-- Defined-By: systemd
-- Support: http://www.ubuntu.com/support
-- 
-- A start job for unit systemd-update-utmp.service has finished successfully.
-- 
-- The job identifier is 138.
Mar 10 12:12:36 LAPTOP-9LT9PO3M systemd[1]: Reached target System Initialization.
-- Subject: A start job for unit sysinit.target has finished successfully
-- Defined-By: systemd
-- Support: http://www.ubuntu.com/support
-- 
-- A start job for unit sysinit.target has finished successfully.
-- 
-- The job identifier is 4.
Mar 10 12:12:36 LAPTOP-9LT9PO3M systemd[1]: Condition check resulted in Process error reports when automatic reporting is enabled (file watch) being skipped.
-- Subject: A start job for unit apport-autoreport.path has finished successfully
-- Defined-By: systemd
-- Support: http://www.ubuntu.com/support
-- 
-- A start job for unit apport-autoreport.path has finished successfully.
-- 
-- The job identifier is 89.
Mar 10 12:12:36 LAPTOP-9LT9PO3M systemd[1]: Started Daily apt download activities.
-- Subject: A start job for unit apt-daily.timer has finished successfully
-- Defined-By: systemd
-- Support: http://www.ubuntu.com/support
-- 
-- A start job for unit apt-daily.timer has finished successfully.
-- 
-- The job identifier is 93.
Mar 10 12:12:36 LAPTOP-9LT9PO3M systemd[1]: Started Daily apt upgrade and clean activities.
-- Subject: A start job for unit apt-daily-upgrade.timer has finished successfully
-- Defined-By: systemd
-- Support: http://www.ubuntu.com/support
-- 
-- A start job for unit apt-daily-upgrade.timer has finished successfully.
-- 
-- The job identifier is 100.
Mar 10 12:12:36 LAPTOP-9LT9PO3M systemd[1]: Started Periodic ext4 Online Metadata Check for All Filesystems.
-- Subject: A start job for unit e2scrub_all.timer has finished successfully
-- Defined-By: systemd
-- Support: http://www.ubuntu.com/support
-- 
-- A start job for unit e2scrub_all.timer has finished successfully.
-- 
-- The job identifier is 102.
Mar 10 12:12:36 LAPTOP-9LT9PO3M systemd[1]: Condition check resulted in Discard unused blocks once a week being skipped.
-- Subject: A start job for unit fstrim.timer has finished successfully
-- Defined-By: systemd
-- Support: http://www.ubuntu.com/support
-- 
-- A start job for unit fstrim.timer has finished successfully.
-- 
-- The job identifier is 98.
Mar 10 12:12:36 LAPTOP-9LT9PO3M systemd[1]: Condition check resulted in Refresh fwupd metadata regularly being skipped.
-- Subject: A start job for unit fwupd-refresh.timer has finished successfully
-- Defined-By: systemd
-- Support: http://www.ubuntu.com/support
-- 
-- A start job for unit fwupd-refresh.timer has finished successfully.
-- 
-- The job identifier is 97.
Mar 10 12:12:36 LAPTOP-9LT9PO3M systemd[1]: Started Daily rotation of log files.
-- Subject: A start job for unit logrotate.timer has finished successfully
-- Defined-By: systemd
-- Support: http://www.ubuntu.com/support
-- 
-- A start job for unit logrotate.timer has finished successfully.
-- 
-- The job identifier is 94.
Mar 10 12:12:36 LAPTOP-9LT9PO3M systemd[1]: Started Daily man-db regeneration.
-- Subject: A start job for unit man-db.timer has finished successfully
-- Defined-By: systemd
-- Support: http://www.ubuntu.com/support
-- 
-- A start job for unit man-db.timer has finished successfully.
-- 
-- The job identifier is 91.
Mar 10 12:12:36 LAPTOP-9LT9PO3M systemd[1]: Started Message of the Day.
-- Subject: A start job for unit motd-news.timer has finished successfully
-- Defined-By: systemd
-- Support: http://www.ubuntu.com/support
-- 
-- A start job for unit motd-news.timer has finished successfully.
-- 
-- The job identifier is 92.
Mar 10 12:12:36 LAPTOP-9LT9PO3M systemd[1]: Started Clean PHP session files every 30 mins.
-- Subject: A start job for unit phpsessionclean.timer has finished successfully
-- Defined-By: systemd
-- Support: http://www.ubuntu.com/support
-- 
-- A start job for unit phpsessionclean.timer has finished successfully.
-- 
-- The job identifier is 95.
Mar 10 12:12:36 LAPTOP-9LT9PO3M systemd[1]: Condition check resulted in Timer to automatically fetch and run repair assertions being skipped.
-- Subject: A start job for unit snapd.snap-repair.timer has finished successfully
-- Defined-By: systemd
-- Support: http://www.ubuntu.com/support
-- 
-- A start job for unit snapd.snap-repair.timer has finished successfully.
-- 
-- The job identifier is 99.
Mar 10 12:12:36 LAPTOP-9LT9PO3M systemd[1]: Started Daily Cleanup of Temporary Directories.
-- Subject: A start job for unit systemd-tmpfiles-clean.timer has finished successfully
-- Defined-By: systemd
-- Support: http://www.ubuntu.com/support
-- 
-- A start job for unit systemd-tmpfiles-clean.timer has finished successfully.
-- 
-- The job identifier is 96.
Mar 10 12:12:36 LAPTOP-9LT9PO3M systemd[1]: Condition check resulted in Ubuntu Pro Timer for running repeated jobs being skipped.
-- Subject: A start job for unit ua-timer.timer has finished successfully
-- Defined-By: systemd
-- Support: http://www.ubuntu.com/support
-- 
-- A start job for unit ua-timer.timer has finished successfully.
-- 
-- The job identifier is 101.
Mar 10 12:12:36 LAPTOP-9LT9PO3M systemd[1]: Reached target Paths.
-- Subject: A start job for unit paths.target has finished successfully
-- Defined-By: systemd
-- Support: http://www.ubuntu.com/support
-- 
-- A start job for unit paths.target has finished successfully.
-- 
-- The job identifier is 88.
Mar 10 12:12:36 LAPTOP-9LT9PO3M systemd[1]: Reached target Timers.
-- Subject: A start job for unit timers.target has finished successfully
-- Defined-By: systemd
-- Support: http://www.ubuntu.com/support
-- 
-- A start job for unit timers.target has finished successfully.
-- 
-- The job identifier is 90.
Mar 10 12:12:36 LAPTOP-9LT9PO3M systemd[1]: Listening on Unix socket for apport crash forwarding.
-- Subject: A start job for unit apport-forward.socket has finished successfully
-- Defined-By: systemd
-- Support: http://www.ubuntu.com/support
-- 
-- A start job for unit apport-forward.socket has finished successfully.
-- 
-- The job identifier is 85.
Mar 10 12:12:36 LAPTOP-9LT9PO3M systemd[1]: Listening on D-Bus System Message Bus Socket.
-- Subject: A start job for unit dbus.socket has finished successfully
-- Defined-By: systemd
-- Support: http://www.ubuntu.com/support
-- 
-- A start job for unit dbus.socket has finished successfully.
-- 
-- The job identifier is 84.
Mar 10 12:12:36 LAPTOP-9LT9PO3M systemd[1]: Listening on Open-iSCSI iscsid Socket.
-- Subject: A start job for unit iscsid.socket has finished successfully
-- Defined-By: systemd
-- Support: http://www.ubuntu.com/support
-- 
-- A start job for unit iscsid.socket has finished successfully.
-- 
-- The job identifier is 81.
Mar 10 12:12:36 LAPTOP-9LT9PO3M systemd[1]: Listening on Socket unix for snap application lxd.daemon.
-- Subject: A start job for unit snap.lxd.daemon.unix.socket has finished successfully
-- Defined-By: systemd
-- Support: http://www.ubuntu.com/support
-- 
-- A start job for unit snap.lxd.daemon.unix.socket has finished successfully.
-- 
-- The job identifier is 76.
Mar 10 12:12:36 LAPTOP-9LT9PO3M systemd[1]: Starting Socket activation for snappy daemon.
-- Subject: A start job for unit snapd.socket has begun execution
-- Defined-By: systemd
-- Support: http://www.ubuntu.com/support
-- 
-- A start job for unit snapd.socket has begun execution.
-- 
-- The job identifier is 83.
Mar 10 12:12:36 LAPTOP-9LT9PO3M systemd[1]: Listening on UUID daemon activation socket.
-- Subject: A start job for unit uuidd.socket has finished successfully
-- Defined-By: systemd
-- Support: http://www.ubuntu.com/support
-- 
-- A start job for unit uuidd.socket has finished successfully.
-- 
-- The job identifier is 86.
Mar 10 12:12:36 LAPTOP-9LT9PO3M systemd[1]: Listening on Socket activation for snappy daemon.
-- Subject: A start job for unit snapd.socket has finished successfully
-- Defined-By: systemd
-- Support: http://www.ubuntu.com/support
-- 
-- A start job for unit snapd.socket has finished successfully.
-- 
-- The job identifier is 83.
Mar 10 12:12:36 LAPTOP-9LT9PO3M systemd[1]: Reached target Sockets.
-- Subject: A start job for unit sockets.target has finished successfully
-- Defined-By: systemd
-- Support: http://www.ubuntu.com/support
-- 
-- A start job for unit sockets.target has finished successfully.
-- 
-- The job identifier is 75.
Mar 10 12:12:36 LAPTOP-9LT9PO3M systemd[1]: Reached target Basic System.
-- Subject: A start job for unit basic.target has finished successfully
-- Defined-By: systemd
-- Support: http://www.ubuntu.com/support
-- 
-- A start job for unit basic.target has finished successfully.
-- 
-- The job identifier is 3.
Mar 10 12:12:36 LAPTOP-9LT9PO3M systemd[1]: Starting Accounts Service...
-- Subject: A start job for unit accounts-daemon.service has begun execution
-- Defined-By: systemd
-- Support: http://www.ubuntu.com/support
-- 
-- A start job for unit accounts-daemon.service has begun execution.
-- 
-- The job identifier is 162.
Mar 10 12:12:36 LAPTOP-9LT9PO3M systemd[1]: Started D-Bus System Message Bus.
-- Subject: A start job for unit dbus.service has finished successfully
-- Defined-By: systemd
-- Support: http://www.ubuntu.com/support
-- 
-- A start job for unit dbus.service has finished successfully.
-- 
-- The job identifier is 149.
Mar 10 12:12:36 LAPTOP-9LT9PO3M systemd[1]: Started Save initial kernel messages after boot.
-- Subject: A start job for unit dmesg.service has finished successfully
-- Defined-By: systemd
-- Support: http://www.ubuntu.com/support
-- 
-- A start job for unit dmesg.service has finished successfully.
-- 
-- The job identifier is 115.
Mar 10 12:12:36 LAPTOP-9LT9PO3M systemd[1]: Starting Remove Stale Online ext4 Metadata Check Snapshots...
-- Subject: A start job for unit e2scrub_reap.service has begun execution
-- Defined-By: systemd
-- Support: http://www.ubuntu.com/support
-- 
-- A start job for unit e2scrub_reap.service has begun execution.
-- 
-- The job identifier is 165.
Mar 10 12:12:36 LAPTOP-9LT9PO3M systemd[1]: Condition check resulted in getty on tty2-tty6 if dbus and logind are not available being skipped.
-- Subject: A start job for unit getty-static.service has finished successfully
-- Defined-By: systemd
-- Support: http://www.ubuntu.com/support
-- 
-- A start job for unit getty-static.service has finished successfully.
-- 
-- The job identifier is 133.
Mar 10 12:12:36 LAPTOP-9LT9PO3M systemd[1]: Condition check resulted in irqbalance daemon being skipped.
-- Subject: A start job for unit irqbalance.service has finished successfully
-- Defined-By: systemd
-- Support: http://www.ubuntu.com/support
-- 
-- A start job for unit irqbalance.service has finished successfully.
-- 
-- The job identifier is 119.
Mar 10 12:12:36 LAPTOP-9LT9PO3M systemd[1]: Starting Dispatcher daemon for systemd-networkd...
-- Subject: A start job for unit networkd-dispatcher.service has begun execution
-- Defined-By: systemd
-- Support: http://www.ubuntu.com/support
-- 
-- A start job for unit networkd-dispatcher.service has begun execution.
-- 
-- The job identifier is 121.
Mar 10 12:12:36 LAPTOP-9LT9PO3M systemd[1]: Condition check resulted in Set the CPU Frequency Scaling governor being skipped.
-- Subject: A start job for unit ondemand.service has finished successfully
-- Defined-By: systemd
-- Support: http://www.ubuntu.com/support
-- 
-- A start job for unit ondemand.service has finished successfully.
-- 
-- The job identifier is 160.
Mar 10 12:12:36 LAPTOP-9LT9PO3M systemd[1]: Starting Clean php session files...
-- Subject: A start job for unit phpsessionclean.service has begun execution
-- Defined-By: systemd
-- Support: http://www.ubuntu.com/support
-- 
-- A start job for unit phpsessionclean.service has begun execution.
-- 
-- The job identifier is 311.
Mar 10 12:12:36 LAPTOP-9LT9PO3M systemd[1]: Starting Authorization Manager...
-- Subject: A start job for unit polkit.service has begun execution
-- Defined-By: systemd
-- Support: http://www.ubuntu.com/support
-- 
-- A start job for unit polkit.service has begun execution.
-- 
-- The job identifier is 152.
